 inverse_pendulum_cgxe

 Timestamp is 5e35863b (Sat Feb  1 17:37:55 2020)

 Preferred load address is 0000000180000000

 Start         Length     Name                   Class
 0001:00000000 00009d10H .text$mn                CODE
 0001:00009d10 00000012H .text$mn$00             CODE
 0001:00009d22 00000081H .text$x                 CODE
 0002:00000000 00000328H .idata$5                DATA
 0002:00000328 00000010H .00cfg                  DATA
 0002:00000338 00000008H .CRT$XCA                DATA
 0002:00000340 00000008H .CRT$XCZ                DATA
 0002:00000348 00000008H .CRT$XIA                DATA
 0002:00000350 00000008H .CRT$XIZ                DATA
 0002:00000358 00000008H .CRT$XPA                DATA
 0002:00000360 00000008H .CRT$XPZ                DATA
 0002:00000368 00000008H .CRT$XTA                DATA
 0002:00000370 00000010H .CRT$XTZ                DATA
 0002:00000380 00000794H .rdata                  DATA
 0002:00000b14 0000022cH .rdata$zzzdbg           DATA
 0002:00000d40 00000008H .rtc$IAA                DATA
 0002:00000d48 00000008H .rtc$IZZ                DATA
 0002:00000d50 00000008H .rtc$TAA                DATA
 0002:00000d58 00000008H .rtc$TZZ                DATA
 0002:00000d60 000006c0H .xdata                  DATA
 0002:00001420 0000005cH .edata                  DATA
 0002:0000147c 000000dcH .idata$2                DATA
 0002:00001558 00000018H .idata$3                DATA
 0002:00001570 00000328H .idata$4                DATA
 0002:00001898 000007ecH .idata$6                DATA
 0003:00000000 00001500H .data                   DATA
 0003:00001500 000006e8H .bss                    DATA
 0004:00000000 000007c8H .pdata                  DATA
 0005:00000000 00000018H .gfids$y                DATA

  Address         Publics by Value              Rva+Base               Lib:Object

 0000:00000000       __guard_fids_count         0000000000000000     <absolute>
 0000:00000000       ___safe_se_handler_table   0000000000000000     <absolute>
 0000:00000000       __dynamic_value_reloc_table 0000000000000000     <absolute>
 0000:00000000       __guard_iat_table          0000000000000000     <absolute>
 0000:00000000       __guard_iat_count          0000000000000000     <absolute>
 0000:00000000       ___safe_se_handler_count   0000000000000000     <absolute>
 0000:00000000       __guard_longjmp_count      0000000000000000     <absolute>
 0000:00000000       __guard_fids_table         0000000000000000     <absolute>
 0000:00000000       __guard_longjmp_table      0000000000000000     <absolute>
 0000:00000100       __guard_flags              0000000000000100     <absolute>
 0000:00000000       __ImageBase                0000000180000000     <linker-defined>
 0001:00000000       cgxe_inverse_pendulum_method_dispatcher 0000000180001000 f   inverse_pendulum_cgxe.obj
 0001:000000a0       method_dispatcher_BTeovP3vODQtQdRntBRxBE 00000001800010a0 f   m_BTeovP3vODQtQdRntBRxBE.obj
 0001:00001f30       cgxe_BTeovP3vODQtQdRntBRxBE_BuildInfoUpdate 0000000180002f30 f   m_BTeovP3vODQtQdRntBRxBE.obj
 0001:00002170       cgxe_BTeovP3vODQtQdRntBRxBE_fallback_info 0000000180003170 f   m_BTeovP3vODQtQdRntBRxBE.obj
 0001:00002210       mexFunction                0000000180003210 f   inverse_pendulum_cgxe_registry.obj
 0001:00003240       _ssSetInputPortDirectFeedThroughFcn 0000000180004240 f   inverse_pendulum_cgxe_registry.obj
 0001:000033f0       _ssGetInputPortSignalPtrsFcn 00000001800043f0 f   inverse_pendulum_cgxe_registry.obj
 0001:000036c0       _ssGetInputPortSignalFcn   00000001800046c0 f   inverse_pendulum_cgxe_registry.obj
 0001:00003990       _ssSetInputPortReusableFcn 0000000180004990 f   inverse_pendulum_cgxe_registry.obj
 0001:00003a70       _ssSetOutputPortReusableFcn 0000000180004a70 f   inverse_pendulum_cgxe_registry.obj
 0001:00003b50       _ssSetSymbolicDimsSupport  0000000180004b50 f   inverse_pendulum_cgxe_registry.obj
 0001:00003bc0       _ssRegisterSymbolicDimsExpr 0000000180004bc0 f   inverse_pendulum_cgxe_registry.obj
 0001:00003c40       _ssRegisterSymbolicDims    0000000180004c40 f   inverse_pendulum_cgxe_registry.obj
 0001:00003ce0       _ssRegisterSymbolicDimsString 0000000180004ce0 f   inverse_pendulum_cgxe_registry.obj
 0001:00003d60       _ssRegisterSymbolicDimsIntValue 0000000180004d60 f   inverse_pendulum_cgxe_registry.obj
 0001:00003dd0       _ssRegisterSymbolicDimsPlus 0000000180004dd0 f   inverse_pendulum_cgxe_registry.obj
 0001:00003e50       _ssRegisterSymbolicDimsMinus 0000000180004e50 f   inverse_pendulum_cgxe_registry.obj
 0001:00003ed0       _ssRegisterSymbolicDimsMultiply 0000000180004ed0 f   inverse_pendulum_cgxe_registry.obj
 0001:00003f50       _ssRegisterSymbolicDimsDivide 0000000180004f50 f   inverse_pendulum_cgxe_registry.obj
 0001:00003fd0       _ssGetNumSymbolicDims      0000000180004fd0 f   inverse_pendulum_cgxe_registry.obj
 0001:00004040       _ssGetSymbolicDim          0000000180005040 f   inverse_pendulum_cgxe_registry.obj
 0001:000040c0       _ssSetInputPortSymbolicDimsId 00000001800050c0 f   inverse_pendulum_cgxe_registry.obj
 0001:00004130       _ssGetCompInputPortSymbolicDimsId 0000000180005130 f   inverse_pendulum_cgxe_registry.obj
 0001:000041a0       _ssSetCompInputPortSymbolicDimsId 00000001800051a0 f   inverse_pendulum_cgxe_registry.obj
 0001:00004210       _ssSetOutputPortSymbolicDimsId 0000000180005210 f   inverse_pendulum_cgxe_registry.obj
 0001:00004280       _ssGetCompOutputPortSymbolicDimsId 0000000180005280 f   inverse_pendulum_cgxe_registry.obj
 0001:000042f0       _ssSetCompOutputPortSymbolicDimsId 00000001800052f0 f   inverse_pendulum_cgxe_registry.obj
 0001:00004360       _ssSetCompDWorkSymbolicDimsId 0000000180005360 f   inverse_pendulum_cgxe_registry.obj
 0001:000043d0       ssGetIsZeroCrossControlDisabled 00000001800053d0 f   inverse_pendulum_cgxe_registry.obj
 0001:00004440       ssSetIsInputPortUsedForContZcSignal 0000000180005440 f   inverse_pendulum_cgxe_registry.obj
 0001:000044b0       ssSetZcSignalIsZcElementDisc 00000001800054b0 f   inverse_pendulum_cgxe_registry.obj
 0001:00004560       ssSetZcSignalName          0000000180005560 f   inverse_pendulum_cgxe_registry.obj
 0001:000045d0       ssSetZcSignalWidth         00000001800055d0 f   inverse_pendulum_cgxe_registry.obj
 0001:00004640       ssSetZcSignalZcEventType   0000000180005640 f   inverse_pendulum_cgxe_registry.obj
 0001:000046b0       ssSetZcSignalType          00000001800056b0 f   inverse_pendulum_cgxe_registry.obj
 0001:00004720       ssSetZcSignalZcTol         0000000180005720 f   inverse_pendulum_cgxe_registry.obj
 0001:00004790       ssSetZcSignalNeedsEventNotification 0000000180005790 f   inverse_pendulum_cgxe_registry.obj
 0001:00004800       ssCreateAndAddZcSignalInfo 0000000180005800 f   inverse_pendulum_cgxe_registry.obj
 0001:00004870       ssCloneAndAddZcSignalInfo  0000000180005870 f   inverse_pendulum_cgxe_registry.obj
 0001:000048e0       ssGetNumZcSignals          00000001800058e0 f   inverse_pendulum_cgxe_registry.obj
 0001:00004950       ssGetZcSignalVector        0000000180005950 f   inverse_pendulum_cgxe_registry.obj
 0001:000049c0       ssGetZcSignalName          00000001800059c0 f   inverse_pendulum_cgxe_registry.obj
 0001:00004a30       ssGetZcSignalWidth         0000000180005a30 f   inverse_pendulum_cgxe_registry.obj
 0001:00004aa0       ssGetZcSignalZcEventType   0000000180005aa0 f   inverse_pendulum_cgxe_registry.obj
 0001:00004b10       ssGetZcSignalZcEvents      0000000180005b10 f   inverse_pendulum_cgxe_registry.obj
 0001:00004b80       ssGetZcSignalType          0000000180005b80 f   inverse_pendulum_cgxe_registry.obj
 0001:00004bf0       ssGetZcSignalZcTol         0000000180005bf0 f   inverse_pendulum_cgxe_registry.obj
 0001:00004c70       ssGetZcSignalNeedsEventNotification 0000000180005c70 f   inverse_pendulum_cgxe_registry.obj
 0001:00004ce0       ssGetZcSignalIsZcElementDisc 0000000180005ce0 f   inverse_pendulum_cgxe_registry.obj
 0001:00004d80       ssGetIsInputPortElementContinuous 0000000180005d80 f   inverse_pendulum_cgxe_registry.obj
 0001:00004e20       ssGetDTypeIdFromMxArray    0000000180005e20 f   inverse_pendulum_cgxe_registry.obj
 0001:00004f40       ssWriteRTWStr              0000000180005f40 f   inverse_pendulum_cgxe_registry.obj
 0001:00004fa0       ssWriteRTWNameValuePair    0000000180005fa0 f   inverse_pendulum_cgxe_registry.obj
 0001:000054a0       ssWriteRTWParamSettings    00000001800064a0 f   inverse_pendulum_cgxe_registry.obj
 0001:00005b90       ssWriteRTWParameters       0000000180006b90 f   inverse_pendulum_cgxe_registry.obj
 0001:00006150       ssWriteRTWWorkVect         0000000180007150 f   inverse_pendulum_cgxe_registry.obj
 0001:00006640       ssWriteRTWMxVectParam      0000000180007640 f   inverse_pendulum_cgxe_registry.obj
 0001:000066c0       ssWriteRTWMx2dMatParam     00000001800076c0 f   inverse_pendulum_cgxe_registry.obj
 0001:00006750       _ssSetInputPortMatrixDimensions 0000000180007750 f   inverse_pendulum_cgxe_registry.obj
 0001:00006850       _ssSetOutputPortMatrixDimensions 0000000180007850 f   inverse_pendulum_cgxe_registry.obj
 0001:00006950       _ssSetInputPortVectorDimension 0000000180007950 f   inverse_pendulum_cgxe_registry.obj
 0001:00006a00       _ssSetOutputPortVectorDimension 0000000180007a00 f   inverse_pendulum_cgxe_registry.obj
 0001:00006ab0       ssIsRunTimeParamTunable    0000000180007ab0 f   inverse_pendulum_cgxe_registry.obj
 0001:00006b20       ssGetSFuncBlockHandle      0000000180007b20 f   inverse_pendulum_cgxe_registry.obj
 0001:00006b90       _ssGetCurrentInputPortWidth 0000000180007b90 f   inverse_pendulum_cgxe_registry.obj
 0001:00006cb0       _ssGetCurrentOutputPortWidth 0000000180007cb0 f   inverse_pendulum_cgxe_registry.obj
 0001:00006dd0       _ssGetCallSystemNumFcnCallDestinations 0000000180007dd0 f   inverse_pendulum_cgxe_registry.obj
 0001:00006e40       ssGetParameterTuningCompliance 0000000180007e40 f   inverse_pendulum_cgxe_registry.obj
 0001:00006eb0       ssWarning                  0000000180007eb0 f   inverse_pendulum_cgxe_registry.obj
 0001:00006fa0       _ssGetAbsTol               0000000180007fa0 f   inverse_pendulum_cgxe_registry.obj
 0001:00007010       _ssSetStateAbsTol          0000000180008010 f   inverse_pendulum_cgxe_registry.obj
 0001:000086d0       __local_stdio_printf_options 00000001800096d0 f i inverse_pendulum_cgxe_registry.obj
 0001:000086e0       _vsnprintf_l               00000001800096e0 f i inverse_pendulum_cgxe_registry.obj
 0001:00008760       _vsprintf_l                0000000180009760 f i inverse_pendulum_cgxe_registry.obj
 0001:000087b0       sprintf                    00000001800097b0 f i inverse_pendulum_cgxe_registry.obj
 0001:00008800       mxGetData                  0000000180009800 f   libmx:libmx.dll
 0001:00008806       mxSetCell_700              0000000180009806 f   libmx:libmx.dll
 0001:0000880c       mxSetFieldByNumber_700     000000018000980c f   libmx:libmx.dll
 0001:00008812       mxGetLogicals              0000000180009812 f   libmx:libmx.dll
 0001:00008818       mxCreateString             0000000180009818 f   libmx:libmx.dll
 0001:0000881e       mxCreateCellMatrix_700     000000018000981e f   libmx:libmx.dll
 0001:00008824       mxCreateStructMatrix_700   0000000180009824 f   libmx:libmx.dll
 0001:0000882a       mxCalloc                   000000018000982a f   libmx:libmx.dll
 0001:00008830       mxGetM                     0000000180009830 f   libmx:libmx.dll
 0001:00008836       mxGetClassID               0000000180009836 f   libmx:libmx.dll
 0001:0000883c       mxIsNumeric                000000018000983c f   libmx:libmx.dll
 0001:00008842       mxIsChar                   0000000180009842 f   libmx:libmx.dll
 0001:00008848       mxIsComplex                0000000180009848 f   libmx:libmx.dll
 0001:0000884e       mxGetPr                    000000018000984e f   libmx:libmx.dll
 0001:00008854       mxGetN                     0000000180009854 f   libmx:libmx.dll
 0001:0000885a       mxSetField_700             000000018000985a f   libmx:libmx.dll
 0001:00008860       mxCreateNumericMatrix_700  0000000180009860 f   libmx:libmx.dll
 0001:00008866       mxCreateDoubleMatrix_700   0000000180009866 f   libmx:libmx.dll
 0001:0000886c       mxGetString_700            000000018000986c f   libmx:libmx.dll
 0001:00008872       mexErrMsgTxt               0000000180009872 f   libmex:libmex.dll
 0001:00008878       mexWarnMsgTxt              0000000180009878 f   libmex:libmex.dll
 0001:0000887e       mexPrintf                  000000018000987e f   libmex:libmex.dll
 0001:00008884       mexCallMATLABWithObject    0000000180009884 f   libmex:libmex.dll
 0001:0000888a       mexUnlock                  000000018000988a f   libmex:libmex.dll
 0001:00008890       mexIsLocked                0000000180009890 f   libmex:libmex.dll
 0001:00008896       muDoubleScalarIsNaN        0000000180009896 f   libmwmathutil:libmwmathutil.dll
 0001:0000889c       muDoubleScalarIsInf        000000018000989c f   libmwmathutil:libmwmathutil.dll
 0001:000088a2       emlrtAlias                 00000001800098a2 f   libemlrt:libemlrt.dll
 0001:000088a8       emlrtAssign                00000001800098a8 f   libemlrt:libemlrt.dll
 0001:000088ae       emlrtAssignP               00000001800098ae f   libemlrt:libemlrt.dll
 0001:000088b4       emlrtCreateStructMatrix    00000001800098b4 f   libemlrt:libemlrt.dll
 0001:000088ba       emlrtAddField              00000001800098ba f   libemlrt:libemlrt.dll
 0001:000088c0       emlrtGetFieldR2013a        00000001800098c0 f   libemlrt:libemlrt.dll
 0001:000088c6       emlrtCreateCellMatrix      00000001800098c6 f   libemlrt:libemlrt.dll
 0001:000088cc       emlrtSetCell               00000001800098cc f   libemlrt:libemlrt.dll
 0001:000088d2       emlrtGetCell               00000001800098d2 f   libemlrt:libemlrt.dll
 0001:000088d8       emlrtCreateNumericMatrix   00000001800098d8 f   libemlrt:libemlrt.dll
 0001:000088de       emlrtCreateNumericArray    00000001800098de f   libemlrt:libemlrt.dll
 0001:000088e4       emlrtCreateLogicalScalar   00000001800098e4 f   libemlrt:libemlrt.dll
 0001:000088ea       emlrtCreateCharArray       00000001800098ea f   libemlrt:libemlrt.dll
 0001:000088f0       emlrtDestroyArray          00000001800098f0 f   libemlrt:libemlrt.dll
 0001:000088f6       emlrtCallMATLABR2012b      00000001800098f6 f   libemlrt:libemlrt.dll
 0001:000088fc       emlrtInitCharArrayR2013a   00000001800098fc f   libemlrt:libemlrt.dll
 0001:00008902       emlrtCheckBuiltInR2012b    0000000180009902 f   libemlrt:libemlrt.dll
 0001:00008908       emlrtCheckStructR2012b     0000000180009908 f   libemlrt:libemlrt.dll
 0001:0000890e       cgxertGetInputPortSignal   000000018000990e f   libmwcgxert:libmwcgxert.dll
 0001:00008914       cgxertGetRuntimeInstance   0000000180009914 f   libmwcgxert:libmwcgxert.dll
 0001:0000891a       cgxertSetRuntimeInstance   000000018000991a f   libmwcgxert:libmwcgxert.dll
 0001:00008920       cgxertGetEMLRTCtx          0000000180009920 f   libmwcgxert:libmwcgxert.dll
 0001:00008926       cgxertGetCovrtInstance     0000000180009926 f   libmwcgxert:libmwcgxert.dll
 0001:0000892c       __GSHandlerCheck           000000018000992c f   MSVCRT:_gshandler_.obj
 0001:0000894c       __GSHandlerCheckCommon     000000018000994c f   MSVCRT:_gshandler_.obj
 0001:000089c0       __security_check_cookie    00000001800099c0 f   MSVCRT:_amdsecgs_.obj
 0001:000089e4       __raise_securityfailure    00000001800099e4 f   MSVCRT:gs_report.obj
 0001:00008a18       __report_gsfailure         0000000180009a18 f   MSVCRT:gs_report.obj
 0001:00008aec       __report_rangecheckfailure 0000000180009aec f   MSVCRT:gs_report.obj
 0001:00008b00       __report_securityfailure   0000000180009b00 f   MSVCRT:gs_report.obj
 0001:00008b9c       __report_securityfailureEx 0000000180009b9c f   MSVCRT:gs_report.obj
 0001:000090dc       _CRT_INIT                  000000018000a0dc f   MSVCRT:dll_dllmain.obj
 0001:000090e4       _DllMainCRTStartup         000000018000a0e4 f   MSVCRT:dll_dllmain.obj
 0001:00009124       ??$__crt_fast_decode_pointer@PEAP6AXXZ@@YAPEAP6AXXZQEAP6AXXZ@Z 000000018000a124 f i MSVCRT:utility.obj
 0001:0000913c       ??$__crt_fast_encode_pointer@PEAP6AXXZ@@YAPEAP6AXXZQEAP6AXXZ@Z 000000018000a13c f i MSVCRT:utility.obj
 0001:0000915c       ?__crt_rotate_pointer_value@@YA_K_KH@Z 000000018000a15c f i MSVCRT:utility.obj
 0001:00009168       ?configure_argv@__scrt_narrow_argv_policy@@SAHXZ 000000018000a168 f i MSVCRT:utility.obj
 0001:000091f8       NtCurrentTeb               000000018000a1f8 f i MSVCRT:utility.obj
 0001:00009204       __scrt_acquire_startup_lock 000000018000a204 f   MSVCRT:utility.obj
 0001:00009240       __scrt_dllmain_after_initialize_c 000000018000a240 f   MSVCRT:utility.obj
 0001:00009274       __scrt_dllmain_before_initialize_c 000000018000a274 f   MSVCRT:utility.obj
 0001:0000928c       __scrt_dllmain_crt_thread_attach 000000018000a28c f   MSVCRT:utility.obj
 0001:000092b4       __scrt_dllmain_crt_thread_detach 000000018000a2b4 f   MSVCRT:utility.obj
 0001:000092cc       __scrt_dllmain_exception_filter 000000018000a2cc f   MSVCRT:utility.obj
 0001:00009330       __scrt_dllmain_uninitialize_c 000000018000a330 f   MSVCRT:utility.obj
 0001:00009360       __scrt_dllmain_uninitialize_critical 000000018000a360 f   MSVCRT:utility.obj
 0001:00009374       __scrt_initialize_crt      000000018000a374 f   MSVCRT:utility.obj
 0001:000093c0       __scrt_initialize_onexit_tables 000000018000a3c0 f   MSVCRT:utility.obj
 0001:0000948c       __scrt_is_nonwritable_in_current_image 000000018000a48c f   MSVCRT:utility.obj
 0001:00009528       __scrt_release_startup_lock 000000018000a528 f   MSVCRT:utility.obj
 0001:0000954c       __scrt_uninitialize_crt    000000018000a54c f   MSVCRT:utility.obj
 0001:00009578       _onexit                    000000018000a578 f   MSVCRT:utility.obj
 0001:000095c8       at_quick_exit              000000018000a5c8 f   MSVCRT:utility.obj
 0001:00009600       atexit                     000000018000a600 f   MSVCRT:utility.obj
 0001:00009618       __security_init_cookie     000000018000a618 f   MSVCRT:gs_support.obj
 0001:000096c4       DllMain                    000000018000a6c4 f   MSVCRT:dll_dllmain_stub.obj
 0001:000096e8       ?__scrt_initialize_type_info@@YAXXZ 000000018000a6e8 f   MSVCRT:tncleanup.obj
 0001:000096f8       ?__scrt_uninitialize_type_info@@YAXXZ 000000018000a6f8 f   MSVCRT:tncleanup.obj
 0001:00009704       __local_stdio_scanf_options 000000018000a704 f i MSVCRT:default_local_stdio_options.obj
 0001:0000970c       __scrt_initialize_default_local_stdio_options 000000018000a70c f   MSVCRT:default_local_stdio_options.obj
 0001:00009728       __scrt_get_dyn_tls_init_callback 000000018000a728 f   MSVCRT:dyn_tls_init.obj
 0001:00009730       __crt_debugger_hook        000000018000a730 f   MSVCRT:utility_desktop.obj
 0001:00009738       __scrt_fastfail            000000018000a738 f   MSVCRT:utility_desktop.obj
 0001:00009880       __scrt_get_show_window_mode 000000018000a880 f   MSVCRT:utility_desktop.obj
 0001:000098bc       __scrt_initialize_winrt    000000018000a8bc f   MSVCRT:utility_desktop.obj
 0001:000098c0       __scrt_is_managed_app      000000018000a8c0 f   MSVCRT:utility_desktop.obj
 0001:00009914       __scrt_set_unhandled_exception_filter 000000018000a914 f   MSVCRT:utility_desktop.obj
 0001:00009924       __scrt_unhandled_exception_filter 000000018000a924 f   MSVCRT:utility_desktop.obj
 0001:0000995c       _RTC_Initialize            000000018000a95c f   MSVCRT:_initsect_.obj
 0001:000099a8       _RTC_Terminate             000000018000a9a8 f   MSVCRT:_initsect_.obj
 0001:000099f4       _guard_check_icall         000000018000a9f4 f i MSVCRT:checkcfg.obj
 0001:000099fc       __isa_available_init       000000018000a9fc f   MSVCRT:_cpu_disp_.obj
 0001:00009bc4       _get_startup_argv_mode     000000018000abc4 f   MSVCRT:argv_mode.obj
 0001:00009bcc       __scrt_is_ucrt_dll_in_use  000000018000abcc f   MSVCRT:ucrt_detection.obj
 0001:00009bd8       _guard_check_icall_nop     000000018000abd8 f i MSVCRT:guard_support.obj
 0001:00009bdc       _guard_icall_checks_enforced 000000018000abdc f i MSVCRT:guard_support.obj
 0001:00009c00       RtlCaptureContext          000000018000ac00 f   kernel32:KERNEL32.dll
 0001:00009c06       RtlLookupFunctionEntry     000000018000ac06 f   kernel32:KERNEL32.dll
 0001:00009c0c       RtlVirtualUnwind           000000018000ac0c f   kernel32:KERNEL32.dll
 0001:00009c12       UnhandledExceptionFilter   000000018000ac12 f   kernel32:KERNEL32.dll
 0001:00009c18       SetUnhandledExceptionFilter 000000018000ac18 f   kernel32:KERNEL32.dll
 0001:00009c1e       GetCurrentProcess          000000018000ac1e f   kernel32:KERNEL32.dll
 0001:00009c24       TerminateProcess           000000018000ac24 f   kernel32:KERNEL32.dll
 0001:00009c2a       IsProcessorFeaturePresent  000000018000ac2a f   kernel32:KERNEL32.dll
 0001:00009c30       QueryPerformanceCounter    000000018000ac30 f   kernel32:KERNEL32.dll
 0001:00009c36       GetCurrentProcessId        000000018000ac36 f   kernel32:KERNEL32.dll
 0001:00009c3c       GetCurrentThreadId         000000018000ac3c f   kernel32:KERNEL32.dll
 0001:00009c42       GetSystemTimeAsFileTime    000000018000ac42 f   kernel32:KERNEL32.dll
 0001:00009c48       DisableThreadLibraryCalls  000000018000ac48 f   kernel32:KERNEL32.dll
 0001:00009c4e       InitializeSListHead        000000018000ac4e f   kernel32:KERNEL32.dll
 0001:00009c54       IsDebuggerPresent          000000018000ac54 f   kernel32:KERNEL32.dll
 0001:00009c5a       GetStartupInfoW            000000018000ac5a f   kernel32:KERNEL32.dll
 0001:00009c60       GetModuleHandleW           000000018000ac60 f   kernel32:KERNEL32.dll
 0001:00009c66       memcpy                     000000018000ac66 f   vcruntime:VCRUNTIME140.dll
 0001:00009c6c       __C_specific_handler       000000018000ac6c f   vcruntime:VCRUNTIME140.dll
 0001:00009c72       __std_type_info_destroy_list 000000018000ac72 f   vcruntime:VCRUNTIME140.dll
 0001:00009c78       memset                     000000018000ac78 f   vcruntime:VCRUNTIME140.dll
 0001:00009c7e       calloc                     000000018000ac7e f   ucrt:api-ms-win-crt-heap-l1-1-0.dll
 0001:00009c84       free                       000000018000ac84 f   ucrt:api-ms-win-crt-heap-l1-1-0.dll
 0001:00009c8a       strcat                     000000018000ac8a f   ucrt:api-ms-win-crt-string-l1-1-0.dll
 0001:00009c90       strcmp                     000000018000ac90 f   ucrt:api-ms-win-crt-string-l1-1-0.dll
 0001:00009c96       strlen                     000000018000ac96 f   ucrt:api-ms-win-crt-string-l1-1-0.dll
 0001:00009c9c       __stdio_common_vsprintf    000000018000ac9c f   ucrt:api-ms-win-crt-stdio-l1-1-0.dll
 0001:00009ca2       malloc                     000000018000aca2 f   ucrt:api-ms-win-crt-heap-l1-1-0.dll
 0001:00009ca8       _initterm                  000000018000aca8 f   ucrt:api-ms-win-crt-runtime-l1-1-0.dll
 0001:00009cae       _initterm_e                000000018000acae f   ucrt:api-ms-win-crt-runtime-l1-1-0.dll
 0001:00009cb4       _seh_filter_dll            000000018000acb4 f   ucrt:api-ms-win-crt-runtime-l1-1-0.dll
 0001:00009cba       _configure_narrow_argv     000000018000acba f   ucrt:api-ms-win-crt-runtime-l1-1-0.dll
 0001:00009cc0       _initialize_narrow_environment 000000018000acc0 f   ucrt:api-ms-win-crt-runtime-l1-1-0.dll
 0001:00009cc6       _initialize_onexit_table   000000018000acc6 f   ucrt:api-ms-win-crt-runtime-l1-1-0.dll
 0001:00009ccc       _register_onexit_function  000000018000accc f   ucrt:api-ms-win-crt-runtime-l1-1-0.dll
 0001:00009cd2       _execute_onexit_table      000000018000acd2 f   ucrt:api-ms-win-crt-runtime-l1-1-0.dll
 0001:00009cd8       _crt_atexit                000000018000acd8 f   ucrt:api-ms-win-crt-runtime-l1-1-0.dll
 0001:00009cde       _crt_at_quick_exit         000000018000acde f   ucrt:api-ms-win-crt-runtime-l1-1-0.dll
 0001:00009ce4       _cexit                     000000018000ace4 f   ucrt:api-ms-win-crt-runtime-l1-1-0.dll
 0001:00009cea       terminate                  000000018000acea f   ucrt:api-ms-win-crt-runtime-l1-1-0.dll
 0001:00009cf0       __scrt_stub_for_acrt_initialize 000000018000acf0 f   MSVCRT:ucrt_stubs.obj
 0001:00009cf0       __acrt_initialize          000000018000acf0 f   MSVCRT:ucrt_stubs.obj
 0001:00009cf0       __vcrt_initialize          000000018000acf0 f   MSVCRT:ucrt_stubs.obj
 0001:00009cf4       __acrt_thread_attach       000000018000acf4 f   MSVCRT:ucrt_stubs.obj
 0001:00009cf4       __scrt_stub_for_acrt_thread_attach 000000018000acf4 f   MSVCRT:ucrt_stubs.obj
 0001:00009cf4       __vcrt_thread_attach       000000018000acf4 f   MSVCRT:ucrt_stubs.obj
 0001:00009cf8       __scrt_stub_for_acrt_thread_detach 000000018000acf8 f   MSVCRT:ucrt_stubs.obj
 0001:00009cf8       __acrt_thread_detach       000000018000acf8 f   MSVCRT:ucrt_stubs.obj
 0001:00009cf8       __vcrt_thread_detach       000000018000acf8 f   MSVCRT:ucrt_stubs.obj
 0001:00009cfc       __scrt_stub_for_acrt_uninitialize 000000018000acfc f   MSVCRT:ucrt_stubs.obj
 0001:00009cfc       __acrt_uninitialize        000000018000acfc f   MSVCRT:ucrt_stubs.obj
 0001:00009cfc       __vcrt_uninitialize        000000018000acfc f   MSVCRT:ucrt_stubs.obj
 0001:00009d00       __acrt_uninitialize_critical 000000018000ad00 f   MSVCRT:ucrt_stubs.obj
 0001:00009d00       __scrt_stub_for_acrt_uninitialize_critical 000000018000ad00 f   MSVCRT:ucrt_stubs.obj
 0001:00009d00       __vcrt_uninitialize_critical 000000018000ad00 f   MSVCRT:ucrt_stubs.obj
 0001:00009d04       __scrt_stub_for_is_c_termination_complete 000000018000ad04 f   MSVCRT:ucrt_stubs.obj
 0001:00009d04       _is_c_termination_complete 000000018000ad04 f   MSVCRT:ucrt_stubs.obj
 0001:00009d20       _guard_dispatch_icall_nop  000000018000ad20 f   MSVCRT:_guard_dispatch_.obj
 0002:00000000       __imp_RtlLookupFunctionEntry 000000018000b000     kernel32:KERNEL32.dll
 0002:00000008       __imp_RtlVirtualUnwind     000000018000b008     kernel32:KERNEL32.dll
 0002:00000010       __imp_UnhandledExceptionFilter 000000018000b010     kernel32:KERNEL32.dll
 0002:00000018       __imp_SetUnhandledExceptionFilter 000000018000b018     kernel32:KERNEL32.dll
 0002:00000020       __imp_GetCurrentProcess    000000018000b020     kernel32:KERNEL32.dll
 0002:00000028       __imp_TerminateProcess     000000018000b028     kernel32:KERNEL32.dll
 0002:00000030       __imp_IsProcessorFeaturePresent 000000018000b030     kernel32:KERNEL32.dll
 0002:00000038       __imp_QueryPerformanceCounter 000000018000b038     kernel32:KERNEL32.dll
 0002:00000040       __imp_GetCurrentProcessId  000000018000b040     kernel32:KERNEL32.dll
 0002:00000048       __imp_GetCurrentThreadId   000000018000b048     kernel32:KERNEL32.dll
 0002:00000050       __imp_GetSystemTimeAsFileTime 000000018000b050     kernel32:KERNEL32.dll
 0002:00000058       __imp_DisableThreadLibraryCalls 000000018000b058     kernel32:KERNEL32.dll
 0002:00000060       __imp_InitializeSListHead  000000018000b060     kernel32:KERNEL32.dll
 0002:00000068       __imp_IsDebuggerPresent    000000018000b068     kernel32:KERNEL32.dll
 0002:00000070       __imp_GetStartupInfoW      000000018000b070     kernel32:KERNEL32.dll
 0002:00000078       __imp_GetModuleHandleW     000000018000b078     kernel32:KERNEL32.dll
 0002:00000080       __imp_RtlCaptureContext    000000018000b080     kernel32:KERNEL32.dll
 0002:00000088       \177KERNEL32_NULL_THUNK_DATA 000000018000b088     kernel32:KERNEL32.dll
 0002:00000090       __imp_memcpy               000000018000b090     vcruntime:VCRUNTIME140.dll
 0002:00000098       __imp___C_specific_handler 000000018000b098     vcruntime:VCRUNTIME140.dll
 0002:000000a0       __imp_memset               000000018000b0a0     vcruntime:VCRUNTIME140.dll
 0002:000000a8       __imp___std_type_info_destroy_list 000000018000b0a8     vcruntime:VCRUNTIME140.dll
 0002:000000b0       \177VCRUNTIME140_NULL_THUNK_DATA 000000018000b0b0     vcruntime:VCRUNTIME140.dll
 0002:000000b8       __imp_free                 000000018000b0b8     ucrt:api-ms-win-crt-heap-l1-1-0.dll
 0002:000000c0       __imp_malloc               000000018000b0c0     ucrt:api-ms-win-crt-heap-l1-1-0.dll
 0002:000000c8       __imp_calloc               000000018000b0c8     ucrt:api-ms-win-crt-heap-l1-1-0.dll
 0002:000000d0       \177api-ms-win-crt-heap-l1-1-0_NULL_THUNK_DATA 000000018000b0d0     ucrt:api-ms-win-crt-heap-l1-1-0.dll
 0002:000000d8       __imp__register_onexit_function 000000018000b0d8     ucrt:api-ms-win-crt-runtime-l1-1-0.dll
 0002:000000e0       __imp__initterm_e          000000018000b0e0     ucrt:api-ms-win-crt-runtime-l1-1-0.dll
 0002:000000e8       __imp__initialize_onexit_table 000000018000b0e8     ucrt:api-ms-win-crt-runtime-l1-1-0.dll
 0002:000000f0       __imp__initialize_narrow_environment 000000018000b0f0     ucrt:api-ms-win-crt-runtime-l1-1-0.dll
 0002:000000f8       __imp__crt_atexit          000000018000b0f8     ucrt:api-ms-win-crt-runtime-l1-1-0.dll
 0002:00000100       __imp__crt_at_quick_exit   000000018000b100     ucrt:api-ms-win-crt-runtime-l1-1-0.dll
 0002:00000108       __imp__cexit               000000018000b108     ucrt:api-ms-win-crt-runtime-l1-1-0.dll
 0002:00000110       __imp_terminate            000000018000b110     ucrt:api-ms-win-crt-runtime-l1-1-0.dll
 0002:00000118       __imp__configure_narrow_argv 000000018000b118     ucrt:api-ms-win-crt-runtime-l1-1-0.dll
 0002:00000120       __imp__initterm            000000018000b120     ucrt:api-ms-win-crt-runtime-l1-1-0.dll
 0002:00000128       __imp__execute_onexit_table 000000018000b128     ucrt:api-ms-win-crt-runtime-l1-1-0.dll
 0002:00000130       __imp__seh_filter_dll      000000018000b130     ucrt:api-ms-win-crt-runtime-l1-1-0.dll
 0002:00000138       \177api-ms-win-crt-runtime-l1-1-0_NULL_THUNK_DATA 000000018000b138     ucrt:api-ms-win-crt-runtime-l1-1-0.dll
 0002:00000140       __imp___stdio_common_vsprintf 000000018000b140     ucrt:api-ms-win-crt-stdio-l1-1-0.dll
 0002:00000148       \177api-ms-win-crt-stdio-l1-1-0_NULL_THUNK_DATA 000000018000b148     ucrt:api-ms-win-crt-stdio-l1-1-0.dll
 0002:00000150       __imp_strlen               000000018000b150     ucrt:api-ms-win-crt-string-l1-1-0.dll
 0002:00000158       __imp_strcat               000000018000b158     ucrt:api-ms-win-crt-string-l1-1-0.dll
 0002:00000160       __imp_strcmp               000000018000b160     ucrt:api-ms-win-crt-string-l1-1-0.dll
 0002:00000168       \177api-ms-win-crt-string-l1-1-0_NULL_THUNK_DATA 000000018000b168     ucrt:api-ms-win-crt-string-l1-1-0.dll
 0002:00000170       __imp_emlrtInitCharArrayR2013a 000000018000b170     libemlrt:libemlrt.dll
 0002:00000178       __imp_emlrtCallMATLABR2012b 000000018000b178     libemlrt:libemlrt.dll
 0002:00000180       __imp_emlrtDestroyArray    000000018000b180     libemlrt:libemlrt.dll
 0002:00000188       __imp_emlrtCreateCharArray 000000018000b188     libemlrt:libemlrt.dll
 0002:00000190       __imp_emlrtCreateLogicalScalar 000000018000b190     libemlrt:libemlrt.dll
 0002:00000198       __imp_emlrtCheckStructR2012b 000000018000b198     libemlrt:libemlrt.dll
 0002:000001a0       __imp_emlrtCheckBuiltInR2012b 000000018000b1a0     libemlrt:libemlrt.dll
 0002:000001a8       __imp_emlrtCreateNumericArray 000000018000b1a8     libemlrt:libemlrt.dll
 0002:000001b0       __imp_emlrtGetCell         000000018000b1b0     libemlrt:libemlrt.dll
 0002:000001b8       __imp_emlrtSetCell         000000018000b1b8     libemlrt:libemlrt.dll
 0002:000001c0       __imp_emlrtCreateCellMatrix 000000018000b1c0     libemlrt:libemlrt.dll
 0002:000001c8       __imp_emlrtGetFieldR2013a  000000018000b1c8     libemlrt:libemlrt.dll
 0002:000001d0       __imp_emlrtAddField        000000018000b1d0     libemlrt:libemlrt.dll
 0002:000001d8       __imp_emlrtCreateStructMatrix 000000018000b1d8     libemlrt:libemlrt.dll
 0002:000001e0       __imp_emlrtAssignP         000000018000b1e0     libemlrt:libemlrt.dll
 0002:000001e8       __imp_emlrtAssign          000000018000b1e8     libemlrt:libemlrt.dll
 0002:000001f0       __imp_emlrtAlias           000000018000b1f0     libemlrt:libemlrt.dll
 0002:000001f8       __imp_emlrtCreateNumericMatrix 000000018000b1f8     libemlrt:libemlrt.dll
 0002:00000200       \177libemlrt_NULL_THUNK_DATA 000000018000b200     libemlrt:libemlrt.dll
 0002:00000208       __imp_mexIsLocked          000000018000b208     libmex:libmex.dll
 0002:00000210       __imp_mexUnlock            000000018000b210     libmex:libmex.dll
 0002:00000218       __imp_mexCallMATLABWithObject 000000018000b218     libmex:libmex.dll
 0002:00000220       __imp_mexPrintf            000000018000b220     libmex:libmex.dll
 0002:00000228       __imp_mexWarnMsgTxt        000000018000b228     libmex:libmex.dll
 0002:00000230       __imp_mexErrMsgTxt         000000018000b230     libmex:libmex.dll
 0002:00000238       \177libmex_NULL_THUNK_DATA 000000018000b238     libmex:libmex.dll
 0002:00000240       __imp_cgxertGetEMLRTCtx    000000018000b240     libmwcgxert:libmwcgxert.dll
 0002:00000248       __imp_cgxertSetRuntimeInstance 000000018000b248     libmwcgxert:libmwcgxert.dll
 0002:00000250       __imp_cgxertGetRuntimeInstance 000000018000b250     libmwcgxert:libmwcgxert.dll
 0002:00000258       __imp_cgxertGetInputPortSignal 000000018000b258     libmwcgxert:libmwcgxert.dll
 0002:00000260       __imp_cgxertGetCovrtInstance 000000018000b260     libmwcgxert:libmwcgxert.dll
 0002:00000268       \177libmwcgxert_NULL_THUNK_DATA 000000018000b268     libmwcgxert:libmwcgxert.dll
 0002:00000270       __imp_muDoubleScalarIsInf  000000018000b270     libmwmathutil:libmwmathutil.dll
 0002:00000278       __imp_muDoubleScalarIsNaN  000000018000b278     libmwmathutil:libmwmathutil.dll
 0002:00000280       \177libmwmathutil_NULL_THUNK_DATA 000000018000b280     libmwmathutil:libmwmathutil.dll
 0002:00000288       __imp_mxGetString_700      000000018000b288     libmx:libmx.dll
 0002:00000290       __imp_mxCreateDoubleMatrix_700 000000018000b290     libmx:libmx.dll
 0002:00000298       __imp_mxCreateNumericMatrix_700 000000018000b298     libmx:libmx.dll
 0002:000002a0       __imp_mxSetField_700       000000018000b2a0     libmx:libmx.dll
 0002:000002a8       __imp_mxGetN               000000018000b2a8     libmx:libmx.dll
 0002:000002b0       __imp_mxGetPr              000000018000b2b0     libmx:libmx.dll
 0002:000002b8       __imp_mxIsComplex          000000018000b2b8     libmx:libmx.dll
 0002:000002c0       __imp_mxIsChar             000000018000b2c0     libmx:libmx.dll
 0002:000002c8       __imp_mxIsNumeric          000000018000b2c8     libmx:libmx.dll
 0002:000002d0       __imp_mxGetClassID         000000018000b2d0     libmx:libmx.dll
 0002:000002d8       __imp_mxGetM               000000018000b2d8     libmx:libmx.dll
 0002:000002e0       __imp_mxCalloc             000000018000b2e0     libmx:libmx.dll
 0002:000002e8       __imp_mxCreateStructMatrix_700 000000018000b2e8     libmx:libmx.dll
 0002:000002f0       __imp_mxCreateCellMatrix_700 000000018000b2f0     libmx:libmx.dll
 0002:000002f8       __imp_mxCreateString       000000018000b2f8     libmx:libmx.dll
 0002:00000300       __imp_mxGetLogicals        000000018000b300     libmx:libmx.dll
 0002:00000308       __imp_mxSetFieldByNumber_700 000000018000b308     libmx:libmx.dll
 0002:00000310       __imp_mxSetCell_700        000000018000b310     libmx:libmx.dll
 0002:00000318       __imp_mxGetData            000000018000b318     libmx:libmx.dll
 0002:00000320       \177libmx_NULL_THUNK_DATA  000000018000b320     libmx:libmx.dll
 0002:00000328       __guard_check_icall_fptr   000000018000b328     MSVCRT:guard_support.obj
 0002:00000330       __guard_dispatch_icall_fptr 000000018000b330     MSVCRT:guard_support.obj
 0002:00000338       __xc_a                     000000018000b338     MSVCRT:initializers.obj
 0002:00000340       __xc_z                     000000018000b340     MSVCRT:initializers.obj
 0002:00000348       __xi_a                     000000018000b348     MSVCRT:initializers.obj
 0002:00000350       __xi_z                     000000018000b350     MSVCRT:initializers.obj
 0002:00000358       __xp_a                     000000018000b358     MSVCRT:initializers.obj
 0002:00000360       __xp_z                     000000018000b360     MSVCRT:initializers.obj
 0002:00000368       __xt_a                     000000018000b368     MSVCRT:initializers.obj
 0002:00000370       __xt_z                     000000018000b370     MSVCRT:initializers.obj
 0002:00000440       DYNAMIC_DIMENSION_DEF      000000018000b440     inverse_pendulum_cgxe_registry.obj
 0002:00000460       _ssBadLevel2InputAccessMsg 000000018000b460     inverse_pendulum_cgxe_registry.obj
 0002:000005f0       _ssBadLevel2DirectFeedMsg  000000018000b5f0     inverse_pendulum_cgxe_registry.obj
 0002:00000730       _ssBadLevel2DirectFeedSolutionMsg 000000018000b730     inverse_pendulum_cgxe_registry.obj
 0002:000007a0       _ssBadLevel2ZeroDirectFeedMsg 000000018000b7a0     inverse_pendulum_cgxe_registry.obj
 0002:000008e0       _ssBadLevel2ZeroDirectFeedMsg2 000000018000b8e0     inverse_pendulum_cgxe_registry.obj
 0002:000009c8       __real@0000000000000000    000000018000b9c8     inverse_pendulum_cgxe_registry.obj
 0002:000009d0       __real@41602cbca0000000    000000018000b9d0     inverse_pendulum_cgxe_registry.obj
 0002:000009d8       __real@418e1e7668000000    000000018000b9d8     inverse_pendulum_cgxe_registry.obj
 0002:000009e0       __real@41936603fc000000    000000018000b9e0     inverse_pendulum_cgxe_registry.obj
 0002:000009e8       __real@419a45a7e8000000    000000018000b9e8     inverse_pendulum_cgxe_registry.obj
 0002:000009f0       __real@41c3c39156800000    000000018000b9f0     inverse_pendulum_cgxe_registry.obj
 0002:000009f8       __real@41d62eae26800000    000000018000b9f8     inverse_pendulum_cgxe_registry.obj
 0002:00000a00       __real@41e2555e9ae00000    000000018000ba00     inverse_pendulum_cgxe_registry.obj
 0002:00000a08       __real@41e355bb88800000    000000018000ba08     inverse_pendulum_cgxe_registry.obj
 0002:00000a10       __real@41e450de1fa00000    000000018000ba10     inverse_pendulum_cgxe_registry.obj
 0002:00000a18       __real@41e4707691800000    000000018000ba18     inverse_pendulum_cgxe_registry.obj
 0002:00000a20       __real@41eace0520a00000    000000018000ba20     inverse_pendulum_cgxe_registry.obj
 0002:00000a28       __real@41ec8572fb400000    000000018000ba28     inverse_pendulum_cgxe_registry.obj
 0002:00000a30       __real@41ecf42681e00000    000000018000ba30     inverse_pendulum_cgxe_registry.obj
 0002:00000a38       __real@bff0000000000000    000000018000ba38     inverse_pendulum_cgxe_registry.obj
 0002:00000a50       _pRawDllMain               000000018000ba50     MSVCRT:dll_dllmain.obj
 0002:00000a50       _pDefaultRawDllMain        000000018000ba50     MSVCRT:dll_dllmain.obj
 0002:00000a80       _load_config_used          000000018000ba80     MSVCRT:loadcfg.obj
 0002:00000d40       __rtc_iaa                  000000018000bd40     MSVCRT:_initsect_.obj
 0002:00000d48       __rtc_izz                  000000018000bd48     MSVCRT:_initsect_.obj
 0002:00000d50       __rtc_taa                  000000018000bd50     MSVCRT:_initsect_.obj
 0002:00000d58       __rtc_tzz                  000000018000bd58     MSVCRT:_initsect_.obj
 0002:0000147c       __IMPORT_DESCRIPTOR_libmx  000000018000c47c     libmx:libmx.dll
 0002:00001490       __IMPORT_DESCRIPTOR_libmex 000000018000c490     libmex:libmex.dll
 0002:000014a4       __IMPORT_DESCRIPTOR_libmwmathutil 000000018000c4a4     libmwmathutil:libmwmathutil.dll
 0002:000014b8       __IMPORT_DESCRIPTOR_libemlrt 000000018000c4b8     libemlrt:libemlrt.dll
 0002:000014cc       __IMPORT_DESCRIPTOR_libmwcgxert 000000018000c4cc     libmwcgxert:libmwcgxert.dll
 0002:000014e0       __IMPORT_DESCRIPTOR_KERNEL32 000000018000c4e0     kernel32:KERNEL32.dll
 0002:000014f4       __IMPORT_DESCRIPTOR_VCRUNTIME140 000000018000c4f4     vcruntime:VCRUNTIME140.dll
 0002:00001508       __IMPORT_DESCRIPTOR_api-ms-win-crt-heap-l1-1-0 000000018000c508     ucrt:api-ms-win-crt-heap-l1-1-0.dll
 0002:0000151c       __IMPORT_DESCRIPTOR_api-ms-win-crt-string-l1-1-0 000000018000c51c     ucrt:api-ms-win-crt-string-l1-1-0.dll
 0002:00001530       __IMPORT_DESCRIPTOR_api-ms-win-crt-stdio-l1-1-0 000000018000c530     ucrt:api-ms-win-crt-stdio-l1-1-0.dll
 0002:00001544       __IMPORT_DESCRIPTOR_api-ms-win-crt-runtime-l1-1-0 000000018000c544     ucrt:api-ms-win-crt-runtime-l1-1-0.dll
 0002:00001558       __NULL_IMPORT_DESCRIPTOR   000000018000c558     libmx:libmx.dll
 0003:00000c08       DYNAMIC_DIMENSION          000000018000ec08     inverse_pendulum_cgxe_registry.obj
 0003:000014c0       __security_cookie          000000018000f4c0     MSVCRT:gs_cookie.obj
 0003:000014c8       __security_cookie_complement 000000018000f4c8     MSVCRT:gs_cookie.obj
 0003:000014d0       _fltused                   000000018000f4d0     MSVCRT:dllsupp.obj
 0003:000014d4       __scrt_native_dllmain_reason 000000018000f4d4     MSVCRT:utility.obj
 0003:000014d8       __isa_available            000000018000f4d8     MSVCRT:_cpu_disp_.obj
 0003:000014dc       __isa_enabled              000000018000f4dc     MSVCRT:_cpu_disp_.obj
 0003:000014e0       __memcpy_nt_iters          000000018000f4e0     MSVCRT:_cpu_disp_.obj
 0003:000014f0       __scrt_ucrt_dll_is_in_use  000000018000f4f0     MSVCRT:ucrt_stubs.obj
 0003:00001b68       __scrt_current_native_startup_state 000000018000fb68     MSVCRT:utility.obj
 0003:00001b70       __scrt_native_startup_lock 000000018000fb70     MSVCRT:utility.obj
 0003:00001bb0       ?__type_info_root_node@@3U__type_info_node@@A 000000018000fbb0     MSVCRT:tncleanup.obj
 0003:00001bc0       ?_OptionsStorage@?1??__local_stdio_printf_options@@9@4_KA 000000018000fbc0     MSVCRT:default_local_stdio_options.obj
 0003:00001bc8       ?_OptionsStorage@?1??__local_stdio_scanf_options@@9@4_KA 000000018000fbc8     MSVCRT:default_local_stdio_options.obj
 0003:00001bd0       __scrt_debugger_hook_flag  000000018000fbd0     MSVCRT:utility_desktop.obj
 0003:00001bd4       __favor                    000000018000fbd4     MSVCRT:_cpu_disp_.obj
 0003:00001bd8       ?_OptionsStorage@?1??__local_stdio_printf_options@@9@9 000000018000fbd8     <common>
 0003:00001be0       __dyn_tls_init_callback    000000018000fbe0     <common>

 entry point at        0001:000090e4

 Static symbols

 0000:00000000       .debug$S                   0000000180000000     libmx:libmx.dll
 0000:00000000       .debug$S                   0000000180000000     inverse_pendulum_cgxe.exp
 0000:00000000       .debug$S                   0000000180000000     libmx:libmx.dll
 0000:00000000       .debug$S                   0000000180000000     libmx:libmx.dll
 0000:00000000       .debug$S                   0000000180000000     libmwcgxert:libmwcgxert.dll
 0000:00000000       .debug$S                   0000000180000000     libmwcgxert:libmwcgxert.dll
 0000:00000000       .debug$S                   0000000180000000     libmwcgxert:libmwcgxert.dll
 0000:00000000       .debug$S                   0000000180000000     ucrt:api-ms-win-crt-heap-l1-1-0.dll
 0000:00000000       .debug$S                   0000000180000000     ucrt:api-ms-win-crt-heap-l1-1-0.dll
 0000:00000000       .debug$S                   0000000180000000     ucrt:api-ms-win-crt-heap-l1-1-0.dll
 0000:00000000       .debug$S                   0000000180000000     ucrt:api-ms-win-crt-runtime-l1-1-0.dll
 0000:00000000       .debug$S                   0000000180000000     ucrt:api-ms-win-crt-runtime-l1-1-0.dll
 0000:00000000       .debug$S                   0000000180000000     ucrt:api-ms-win-crt-runtime-l1-1-0.dll
 0000:00000000       .debug$S                   0000000180000000     ucrt:api-ms-win-crt-runtime-l1-1-0.dll
 0000:00000000       .debug$S                   0000000180000000     ucrt:api-ms-win-crt-runtime-l1-1-0.dll
 0000:00000000       .debug$S                   0000000180000000     ucrt:api-ms-win-crt-runtime-l1-1-0.dll
 0000:00000000       .debug$S                   0000000180000000     ucrt:api-ms-win-crt-runtime-l1-1-0.dll
 0000:00000000       .debug$S                   0000000180000000     ucrt:api-ms-win-crt-runtime-l1-1-0.dll
 0000:00000000       .debug$S                   0000000180000000     ucrt:api-ms-win-crt-runtime-l1-1-0.dll
 0000:00000000       .debug$S                   0000000180000000     ucrt:api-ms-win-crt-runtime-l1-1-0.dll
 0000:00000000       .debug$S                   0000000180000000     ucrt:api-ms-win-crt-runtime-l1-1-0.dll
 0000:00000000       .debug$S                   0000000180000000     ucrt:api-ms-win-crt-runtime-l1-1-0.dll
 0000:00000000       .debug$S                   0000000180000000     ucrt:api-ms-win-crt-stdio-l1-1-0.dll
 0000:00000000       .debug$S                   0000000180000000     ucrt:api-ms-win-crt-string-l1-1-0.dll
 0000:00000000       .debug$S                   0000000180000000     ucrt:api-ms-win-crt-string-l1-1-0.dll
 0000:00000000       .debug$S                   0000000180000000     ucrt:api-ms-win-crt-string-l1-1-0.dll
 0000:00000000       .debug$S                   0000000180000000     libmwcgxert:libmwcgxert.dll
 0000:00000000       .debug$S                   0000000180000000     vcruntime:VCRUNTIME140.dll
 0000:00000000       .debug$S                   0000000180000000     vcruntime:VCRUNTIME140.dll
 0000:00000000       .debug$S                   0000000180000000     vcruntime:VCRUNTIME140.dll
 0000:00000000       .debug$S                   0000000180000000     vcruntime:VCRUNTIME140.dll
 0000:00000000       .debug$S                   0000000180000000     libmwcgxert:libmwcgxert.dll
 0000:00000000       .debug$S                   0000000180000000     kernel32:KERNEL32.dll
 0000:00000000       .debug$S                   0000000180000000     kernel32:KERNEL32.dll
 0000:00000000       .debug$S                   0000000180000000     kernel32:KERNEL32.dll
 0000:00000000       .debug$S                   0000000180000000     kernel32:KERNEL32.dll
 0000:00000000       .debug$S                   0000000180000000     kernel32:KERNEL32.dll
 0000:00000000       .debug$S                   0000000180000000     kernel32:KERNEL32.dll
 0000:00000000       .debug$S                   0000000180000000     kernel32:KERNEL32.dll
 0000:00000000       .debug$S                   0000000180000000     kernel32:KERNEL32.dll
 0000:00000000       .debug$S                   0000000180000000     kernel32:KERNEL32.dll
 0000:00000000       .debug$S                   0000000180000000     kernel32:KERNEL32.dll
 0000:00000000       .debug$S                   0000000180000000     kernel32:KERNEL32.dll
 0000:00000000       .debug$S                   0000000180000000     kernel32:KERNEL32.dll
 0000:00000000       .debug$S                   0000000180000000     kernel32:KERNEL32.dll
 0000:00000000       .debug$S                   0000000180000000     kernel32:KERNEL32.dll
 0000:00000000       .debug$S                   0000000180000000     kernel32:KERNEL32.dll
 0000:00000000       .debug$S                   0000000180000000     kernel32:KERNEL32.dll
 0000:00000000       .debug$S                   0000000180000000     kernel32:KERNEL32.dll
 0000:00000000       .debug$S                   0000000180000000     libemlrt:libemlrt.dll
 0000:00000000       .debug$S                   0000000180000000     libemlrt:libemlrt.dll
 0000:00000000       .debug$S                   0000000180000000     libemlrt:libemlrt.dll
 0000:00000000       .debug$S                   0000000180000000     libemlrt:libemlrt.dll
 0000:00000000       .debug$S                   0000000180000000     libemlrt:libemlrt.dll
 0000:00000000       .debug$S                   0000000180000000     libemlrt:libemlrt.dll
 0000:00000000       .debug$S                   0000000180000000     libemlrt:libemlrt.dll
 0000:00000000       .debug$S                   0000000180000000     libmx:libmx.dll
 0000:00000000       .debug$S                   0000000180000000     libemlrt:libemlrt.dll
 0000:00000000       .debug$S                   0000000180000000     libemlrt:libemlrt.dll
 0000:00000000       .debug$S                   0000000180000000     libmx:libmx.dll
 0000:00000000       .debug$S                   0000000180000000     libmx:libmx.dll
 0000:00000000       .debug$S                   0000000180000000     libemlrt:libemlrt.dll
 0000:00000000       .debug$S                   0000000180000000     libmx:libmx.dll
 0000:00000000       .debug$S                   0000000180000000     libemlrt:libemlrt.dll
 0000:00000000       .debug$S                   0000000180000000     libmx:libmx.dll
 0000:00000000       .debug$S                   0000000180000000     libmx:libmx.dll
 0000:00000000       .debug$S                   0000000180000000     libemlrt:libemlrt.dll
 0000:00000000       .debug$S                   0000000180000000     libmx:libmx.dll
 0000:00000000       .debug$S                   0000000180000000     libemlrt:libemlrt.dll
 0000:00000000       .debug$S                   0000000180000000     libmx:libmx.dll
 0000:00000000       .debug$S                   0000000180000000     libmx:libmx.dll
 0000:00000000       .debug$S                   0000000180000000     libmx:libmx.dll
 0000:00000000       .debug$S                   0000000180000000     libmx:libmx.dll
 0000:00000000       .debug$S                   0000000180000000     libemlrt:libemlrt.dll
 0000:00000000       .debug$S                   0000000180000000     libmx:libmx.dll
 0000:00000000       .debug$S                   0000000180000000     libemlrt:libemlrt.dll
 0000:00000000       .debug$S                   0000000180000000     libmx:libmx.dll
 0000:00000000       .debug$S                   0000000180000000     libemlrt:libemlrt.dll
 0000:00000000       .debug$S                   0000000180000000     libmx:libmx.dll
 0000:00000000       .debug$S                   0000000180000000     libemlrt:libemlrt.dll
 0000:00000000       .debug$S                   0000000180000000     libmx:libmx.dll
 0000:00000000       .debug$S                   0000000180000000     libemlrt:libemlrt.dll
 0000:00000000       .debug$S                   0000000180000000     libmx:libmx.dll
 0000:00000000       .debug$S                   0000000180000000     libmex:libmex.dll
 0000:00000000       .debug$S                   0000000180000000     libmex:libmex.dll
 0000:00000000       .debug$S                   0000000180000000     libmex:libmex.dll
 0000:00000000       .debug$S                   0000000180000000     libmex:libmex.dll
 0000:00000000       .debug$S                   0000000180000000     libmex:libmex.dll
 0000:00000000       .debug$S                   0000000180000000     libmex:libmex.dll
 0000:00000000       .debug$S                   0000000180000000     libmwmathutil:libmwmathutil.dll
 0000:00000000       .debug$S                   0000000180000000     libmwmathutil:libmwmathutil.dll
 0001:00000130       arduino_SerialWrite_validateInputsImpl 0000000180001130 f   m_BTeovP3vODQtQdRntBRxBE.obj
 0001:00000470       cgxe_mdl_start             0000000180001470 f   m_BTeovP3vODQtQdRntBRxBE.obj
 0001:00000710       cgxe_mdl_initialize        0000000180001710 f   m_BTeovP3vODQtQdRntBRxBE.obj
 0001:00000a90       cgxe_mdl_outputs           0000000180001a90 f   m_BTeovP3vODQtQdRntBRxBE.obj
 0001:00000ef0       cgxe_mdl_update            0000000180001ef0 f   m_BTeovP3vODQtQdRntBRxBE.obj
 0001:00000f00       cgxe_mdl_terminate         0000000180001f00 f   m_BTeovP3vODQtQdRntBRxBE.obj
 0001:000012c0       cgxe_mdl_get_sim_state     00000001800022c0 f   m_BTeovP3vODQtQdRntBRxBE.obj
 0001:000014a0       emlrt_marshallIn           00000001800024a0 f   m_BTeovP3vODQtQdRntBRxBE.obj
 0001:00001570       b_emlrt_marshallIn         0000000180002570 f   m_BTeovP3vODQtQdRntBRxBE.obj
 0001:000016f0       c_emlrt_marshallIn         00000001800026f0 f   m_BTeovP3vODQtQdRntBRxBE.obj
 0001:00001740       d_emlrt_marshallIn         0000000180002740 f   m_BTeovP3vODQtQdRntBRxBE.obj
 0001:00001790       e_emlrt_marshallIn         0000000180002790 f   m_BTeovP3vODQtQdRntBRxBE.obj
 0001:00001800       f_emlrt_marshallIn         0000000180002800 f   m_BTeovP3vODQtQdRntBRxBE.obj
 0001:00001850       cgxe_mdl_set_sim_state     0000000180002850 f   m_BTeovP3vODQtQdRntBRxBE.obj
 0001:00001930       message                    0000000180002930 f   m_BTeovP3vODQtQdRntBRxBE.obj
 0001:000019d0       error                      00000001800029d0 f   m_BTeovP3vODQtQdRntBRxBE.obj
 0001:00001a40       b_error                    0000000180002a40 f   m_BTeovP3vODQtQdRntBRxBE.obj
 0001:00001ad0       g_emlrt_marshallIn         0000000180002ad0 f   m_BTeovP3vODQtQdRntBRxBE.obj
 0001:00001b50       h_emlrt_marshallIn         0000000180002b50 f   m_BTeovP3vODQtQdRntBRxBE.obj
 0001:00001c00       i_emlrt_marshallIn         0000000180002c00 f   m_BTeovP3vODQtQdRntBRxBE.obj
 0001:00001c80       init_simulink_io_address   0000000180002c80 f   m_BTeovP3vODQtQdRntBRxBE.obj
 0001:00001ce0       mdlOutputs_BTeovP3vODQtQdRntBRxBE 0000000180002ce0 f   m_BTeovP3vODQtQdRntBRxBE.obj
 0001:00001d20       mdlInitialize_BTeovP3vODQtQdRntBRxBE 0000000180002d20 f   m_BTeovP3vODQtQdRntBRxBE.obj
 0001:00001d50       mdlUpdate_BTeovP3vODQtQdRntBRxBE 0000000180002d50 f   m_BTeovP3vODQtQdRntBRxBE.obj
 0001:00001d90       getSimState_BTeovP3vODQtQdRntBRxBE 0000000180002d90 f   m_BTeovP3vODQtQdRntBRxBE.obj
 0001:00001dd0       setSimState_BTeovP3vODQtQdRntBRxBE 0000000180002dd0 f   m_BTeovP3vODQtQdRntBRxBE.obj
 0001:00001e10       mdlTerminate_BTeovP3vODQtQdRntBRxBE 0000000180002e10 f   m_BTeovP3vODQtQdRntBRxBE.obj
 0001:00001e50       mdlStart_BTeovP3vODQtQdRntBRxBE 0000000180002e50 f   m_BTeovP3vODQtQdRntBRxBE.obj
 0001:00001f20       mdlProcessParameters_BTeovP3vODQtQdRntBRxBE 0000000180002f20 f   m_BTeovP3vODQtQdRntBRxBE.obj
 0001:00003164       $LN96                      0000000180004164     inverse_pendulum_cgxe_registry.obj
 0001:00004ee4       $LN17                      0000000180005ee4     inverse_pendulum_cgxe_registry.obj
 0001:0000546c       $LN26                      000000018000646c     inverse_pendulum_cgxe_registry.obj
 0001:00005b54       $LN23                      0000000180006b54     inverse_pendulum_cgxe_registry.obj
 0001:00006124       $LN26                      0000000180007124     inverse_pendulum_cgxe_registry.obj
 0001:000070f0       mdlStart                   00000001800080f0 f   inverse_pendulum_cgxe_registry.obj
 0001:00007130       mdlInitializeConditions    0000000180008130 f   inverse_pendulum_cgxe_registry.obj
 0001:00007150       mdlUpdate                  0000000180008150 f   inverse_pendulum_cgxe_registry.obj
 0001:00007180       mdlOutputs                 0000000180008180 f   inverse_pendulum_cgxe_registry.obj
 0001:000071b0       mdlTerminate               00000001800081b0 f   inverse_pendulum_cgxe_registry.obj
 0001:000071d0       mdlInitializeSizes         00000001800081d0 f   inverse_pendulum_cgxe_registry.obj
 0001:000071e0       mdlInitializeSampleTimes   00000001800081e0 f   inverse_pendulum_cgxe_registry.obj
 0001:000071f0       cgxe_get_supported_modules 00000001800081f0 f   inverse_pendulum_cgxe_registry.obj
 0001:000072c0       cgxe_process_get_checksums 00000001800082c0 f   inverse_pendulum_cgxe_registry.obj
 0001:00007640       cgxe_mex_unlock_call       0000000180008640 f   inverse_pendulum_cgxe_registry.obj
 0001:00007680       cgxe_unpack_simstruct      0000000180008680 f   inverse_pendulum_cgxe_registry.obj
 0001:00007720       cgxe_get_sim_state         0000000180008720 f   inverse_pendulum_cgxe_registry.obj
 0001:00007790       cgxe_set_sim_state         0000000180008790 f   inverse_pendulum_cgxe_registry.obj
 0001:00007810       cgxe_get_BuildInfoUpdate   0000000180008810 f   inverse_pendulum_cgxe_registry.obj
 0001:000078e0       cgxe_get_fallback_info     00000001800088e0 f   inverse_pendulum_cgxe_registry.obj
 0001:000079b0       ProcessMexSfunctionCmdLineCall 00000001800089b0 f   inverse_pendulum_cgxe_registry.obj
 0001:00007be0       mdlZeroCrossings           0000000180008be0 f   inverse_pendulum_cgxe_registry.obj
 0001:00007c30       mdlGetTimeOfNextVarHit     0000000180008c30 f   inverse_pendulum_cgxe_registry.obj
 0001:00007c80       _RegNumInputPortsCB        0000000180008c80 f   inverse_pendulum_cgxe_registry.obj
 0001:00007d00       _RegNumOutputPortsCB       0000000180008d00 f   inverse_pendulum_cgxe_registry.obj
 0001:00007d80       _CreateSimStruct           0000000180008d80 f   inverse_pendulum_cgxe_registry.obj
 0001:00007f60       _ssFatalError              0000000180008f60 f   inverse_pendulum_cgxe_registry.obj
 0001:00008030       _ProcessMexSfunctionCmdLineCall 0000000180009030 f   inverse_pendulum_cgxe_registry.obj
 0001:000089b0       $$000000                   00000001800099b0     MSVCRT:_amdsecgs_.obj
 0001:00008cac       capture_current_context    0000000180009cac f   MSVCRT:gs_report.obj
 0001:00008d1c       capture_previous_context   0000000180009d1c f   MSVCRT:gs_report.obj
 0001:00008d90       ?dllmain_crt_dispatch@@YAHQEAUHINSTANCE__@@KQEAX@Z 0000000180009d90 f   MSVCRT:dll_dllmain.obj
 0001:00008de0       ?dllmain_crt_process_attach@@YAHQEAUHINSTANCE__@@QEAX@Z 0000000180009de0 f   MSVCRT:dll_dllmain.obj
 0001:00008f0c       ?dllmain_crt_process_detach@@YAH_N@Z 0000000180009f0c f   MSVCRT:dll_dllmain.obj
 0001:00008f90       ?dllmain_dispatch@@YAHQEAUHINSTANCE__@@KQEAX@Z 0000000180009f90 f   MSVCRT:dll_dllmain.obj
 0001:00009088       ?dllmain_raw@@YAHQEAUHINSTANCE__@@KQEAX@Z 000000018000a088 f   MSVCRT:dll_dllmain.obj
 0001:0000917c       ?find_pe_section@@YAPEAU_IMAGE_SECTION_HEADER@@QEAE_K@Z 000000018000a17c f   MSVCRT:utility.obj
 0001:000091c8       ?is_potentially_valid_image_base@@YA_NQEAX@Z 000000018000a1c8 f   MSVCRT:utility.obj
 0001:00009d10       $$000000                   000000018000ad10     MSVCRT:_guard_dispatch_.obj
 0001:00009d22       ?fin$0@?0??dllmain_crt_process_attach@@YAHQEAUHINSTANCE__@@QEAX@Z@4HA 000000018000ad22 f   MSVCRT:dll_dllmain.obj
 0001:00009d39       ?fin$0@?0??dllmain_crt_process_detach@@YAH_N@Z@4HA 000000018000ad39 f   MSVCRT:dll_dllmain.obj
 0001:00009d55       ?filt$0@?0??dllmain_dispatch@@YAHQEAUHINSTANCE__@@KQEAX@Z@4HA 000000018000ad55 f   MSVCRT:dll_dllmain.obj
 0001:00009d8b       __scrt_is_nonwritable_in_current_image$filt$0 000000018000ad8b f   MSVCRT:utility.obj
 0002:00000380       ?iv0@?1??arduino_SerialWrite_validateInputsImpl@@9@9 000000018000b380     m_BTeovP3vODQtQdRntBRxBE.obj
 0002:00000388       ?iv1@?1??arduino_SerialWrite_validateInputsImpl@@9@9 000000018000b388     m_BTeovP3vODQtQdRntBRxBE.obj
 0002:00000390       ?iv2@?1??arduino_SerialWrite_validateInputsImpl@@9@9 000000018000b390     m_BTeovP3vODQtQdRntBRxBE.obj
 0002:00000398       ?iv3@?1??arduino_SerialWrite_validateInputsImpl@@9@9 000000018000b398     m_BTeovP3vODQtQdRntBRxBE.obj
 0002:000003a0       ?iv4@?1??cgxe_mdl_start@@9@9 000000018000b3a0     m_BTeovP3vODQtQdRntBRxBE.obj
 0002:000003a8       ?iv5@?1??cgxe_mdl_start@@9@9 000000018000b3a8     m_BTeovP3vODQtQdRntBRxBE.obj
 0002:000003b0       ?iv6@?1??cgxe_mdl_start@@9@9 000000018000b3b0     m_BTeovP3vODQtQdRntBRxBE.obj
 0002:000003b8       ?iv7@?1??cgxe_mdl_start@@9@9 000000018000b3b8     m_BTeovP3vODQtQdRntBRxBE.obj
 0002:000003c0       ?iv8@?1??cgxe_mdl_initialize@@9@9 000000018000b3c0     m_BTeovP3vODQtQdRntBRxBE.obj
 0002:000003c8       ?iv9@?1??cgxe_mdl_initialize@@9@9 000000018000b3c8     m_BTeovP3vODQtQdRntBRxBE.obj
 0002:000003d0       ?iv10@?1??cgxe_mdl_initialize@@9@9 000000018000b3d0     m_BTeovP3vODQtQdRntBRxBE.obj
 0002:000003d8       ?iv11@?1??cgxe_mdl_initialize@@9@9 000000018000b3d8     m_BTeovP3vODQtQdRntBRxBE.obj
 0002:000003e0       ?iv12@?1??cgxe_mdl_outputs@@9@9 000000018000b3e0     m_BTeovP3vODQtQdRntBRxBE.obj
 0002:000003e8       ?iv13@?1??cgxe_mdl_outputs@@9@9 000000018000b3e8     m_BTeovP3vODQtQdRntBRxBE.obj
 0002:000003f0       ?iv14@?1??cgxe_mdl_outputs@@9@9 000000018000b3f0     m_BTeovP3vODQtQdRntBRxBE.obj
 0002:000003f8       ?iv15@?1??cgxe_mdl_outputs@@9@9 000000018000b3f8     m_BTeovP3vODQtQdRntBRxBE.obj
 0002:00000400       ?iv16@?1??cgxe_mdl_terminate@@9@9 000000018000b400     m_BTeovP3vODQtQdRntBRxBE.obj
 0002:00000408       ?iv17@?1??cgxe_mdl_terminate@@9@9 000000018000b408     m_BTeovP3vODQtQdRntBRxBE.obj
 0002:00000410       ?iv18@?1??cgxe_mdl_terminate@@9@9 000000018000b410     m_BTeovP3vODQtQdRntBRxBE.obj
 0002:00000418       ?iv19@?1??cgxe_mdl_terminate@@9@9 000000018000b418     m_BTeovP3vODQtQdRntBRxBE.obj
 0002:00000420       ?iv20@?1??cgxe_mdl_get_sim_state@@9@9 000000018000b420     m_BTeovP3vODQtQdRntBRxBE.obj
 0002:00000428       ?dims@?1??b_emlrt_marshallIn@@9@9 000000018000b428     m_BTeovP3vODQtQdRntBRxBE.obj
 0002:0000042c       ?dims@?1??g_emlrt_marshallIn@@9@9 000000018000b42c     m_BTeovP3vODQtQdRntBRxBE.obj
 0002:00000430       ?dims@?1??h_emlrt_marshallIn@@9@9 000000018000b430     m_BTeovP3vODQtQdRntBRxBE.obj
 0002:00000438       ?dims@?1??i_emlrt_marshallIn@@9@9 000000018000b438     m_BTeovP3vODQtQdRntBRxBE.obj
 0002:00000a40       GS_ExceptionPointers       000000018000ba40     MSVCRT:gs_report.obj
 0002:00000d60       $unwind$cgxe_inverse_pendulum_method_dispatcher 000000018000bd60     inverse_pendulum_cgxe.obj
 0002:00000d68       $unwind$method_dispatcher_BTeovP3vODQtQdRntBRxBE 000000018000bd68     m_BTeovP3vODQtQdRntBRxBE.obj
 0002:00000d70       $unwind$arduino_SerialWrite_validateInputsImpl 000000018000bd70     m_BTeovP3vODQtQdRntBRxBE.obj
 0002:00000d80       $unwind$cgxe_mdl_start     000000018000bd80     m_BTeovP3vODQtQdRntBRxBE.obj
 0002:00000d90       $unwind$cgxe_mdl_initialize 000000018000bd90     m_BTeovP3vODQtQdRntBRxBE.obj
 0002:00000da0       $unwind$cgxe_mdl_outputs   000000018000bda0     m_BTeovP3vODQtQdRntBRxBE.obj
 0002:00000db0       $unwind$cgxe_mdl_terminate 000000018000bdb0     m_BTeovP3vODQtQdRntBRxBE.obj
 0002:00000dc0       $unwind$cgxe_mdl_get_sim_state 000000018000bdc0     m_BTeovP3vODQtQdRntBRxBE.obj
 0002:00000dc8       $unwind$emlrt_marshallIn   000000018000bdc8     m_BTeovP3vODQtQdRntBRxBE.obj
 0002:00000ddc       $unwind$b_emlrt_marshallIn 000000018000bddc     m_BTeovP3vODQtQdRntBRxBE.obj
 0002:00000df0       $unwind$c_emlrt_marshallIn 000000018000bdf0     m_BTeovP3vODQtQdRntBRxBE.obj
 0002:00000df8       $unwind$d_emlrt_marshallIn 000000018000bdf8     m_BTeovP3vODQtQdRntBRxBE.obj
 0002:00000e00       $unwind$e_emlrt_marshallIn 000000018000be00     m_BTeovP3vODQtQdRntBRxBE.obj
 0002:00000e08       $unwind$f_emlrt_marshallIn 000000018000be08     m_BTeovP3vODQtQdRntBRxBE.obj
 0002:00000e10       $unwind$cgxe_mdl_set_sim_state 000000018000be10     m_BTeovP3vODQtQdRntBRxBE.obj
 0002:00000e1c       $unwind$message            000000018000be1c     m_BTeovP3vODQtQdRntBRxBE.obj
 0002:00000e24       $unwind$error              000000018000be24     m_BTeovP3vODQtQdRntBRxBE.obj
 0002:00000e2c       $unwind$b_error            000000018000be2c     m_BTeovP3vODQtQdRntBRxBE.obj
 0002:00000e34       $unwind$g_emlrt_marshallIn 000000018000be34     m_BTeovP3vODQtQdRntBRxBE.obj
 0002:00000e3c       $unwind$h_emlrt_marshallIn 000000018000be3c     m_BTeovP3vODQtQdRntBRxBE.obj
 0002:00000e44       $unwind$i_emlrt_marshallIn 000000018000be44     m_BTeovP3vODQtQdRntBRxBE.obj
 0002:00000e4c       $unwind$init_simulink_io_address 000000018000be4c     m_BTeovP3vODQtQdRntBRxBE.obj
 0002:00000e54       $unwind$mdlOutputs_BTeovP3vODQtQdRntBRxBE 000000018000be54     m_BTeovP3vODQtQdRntBRxBE.obj
 0002:00000e5c       $unwind$mdlInitialize_BTeovP3vODQtQdRntBRxBE 000000018000be5c     m_BTeovP3vODQtQdRntBRxBE.obj
 0002:00000e64       $unwind$mdlUpdate_BTeovP3vODQtQdRntBRxBE 000000018000be64     m_BTeovP3vODQtQdRntBRxBE.obj
 0002:00000e6c       $unwind$getSimState_BTeovP3vODQtQdRntBRxBE 000000018000be6c     m_BTeovP3vODQtQdRntBRxBE.obj
 0002:00000e74       $unwind$setSimState_BTeovP3vODQtQdRntBRxBE 000000018000be74     m_BTeovP3vODQtQdRntBRxBE.obj
 0002:00000e7c       $unwind$mdlTerminate_BTeovP3vODQtQdRntBRxBE 000000018000be7c     m_BTeovP3vODQtQdRntBRxBE.obj
 0002:00000e84       $unwind$mdlStart_BTeovP3vODQtQdRntBRxBE 000000018000be84     m_BTeovP3vODQtQdRntBRxBE.obj
 0002:00000e8c       $unwind$cgxe_BTeovP3vODQtQdRntBRxBE_BuildInfoUpdate 000000018000be8c     m_BTeovP3vODQtQdRntBRxBE.obj
 0002:00000e94       $unwind$cgxe_BTeovP3vODQtQdRntBRxBE_fallback_info 000000018000be94     m_BTeovP3vODQtQdRntBRxBE.obj
 0002:00000e9c       $unwind$_vsnprintf_l       000000018000be9c     inverse_pendulum_cgxe_registry.obj
 0002:00000ea4       $unwind$_vsprintf_l        000000018000bea4     inverse_pendulum_cgxe_registry.obj
 0002:00000eac       $unwind$sprintf            000000018000beac     inverse_pendulum_cgxe_registry.obj
 0002:00000eb4       $unwind$mexFunction        000000018000beb4     inverse_pendulum_cgxe_registry.obj
 0002:00000ebc       $unwind$_ssSetInputPortDirectFeedThroughFcn 000000018000bebc     inverse_pendulum_cgxe_registry.obj
 0002:00000ec4       $unwind$_ssGetInputPortSignalPtrsFcn 000000018000bec4     inverse_pendulum_cgxe_registry.obj
 0002:00000ecc       $unwind$_ssGetInputPortSignalFcn 000000018000becc     inverse_pendulum_cgxe_registry.obj
 0002:00000ed4       $unwind$_ssSetInputPortReusableFcn 000000018000bed4     inverse_pendulum_cgxe_registry.obj
 0002:00000ee4       $unwind$_ssSetOutputPortReusableFcn 000000018000bee4     inverse_pendulum_cgxe_registry.obj
 0002:00000ef4       $unwind$_ssSetSymbolicDimsSupport 000000018000bef4     inverse_pendulum_cgxe_registry.obj
 0002:00000efc       $unwind$_ssRegisterSymbolicDimsExpr 000000018000befc     inverse_pendulum_cgxe_registry.obj
 0002:00000f04       $unwind$_ssRegisterSymbolicDims 000000018000bf04     inverse_pendulum_cgxe_registry.obj
 0002:00000f0c       $unwind$_ssRegisterSymbolicDimsString 000000018000bf0c     inverse_pendulum_cgxe_registry.obj
 0002:00000f14       $unwind$_ssRegisterSymbolicDimsIntValue 000000018000bf14     inverse_pendulum_cgxe_registry.obj
 0002:00000f1c       $unwind$_ssRegisterSymbolicDimsPlus 000000018000bf1c     inverse_pendulum_cgxe_registry.obj
 0002:00000f24       $unwind$_ssRegisterSymbolicDimsMinus 000000018000bf24     inverse_pendulum_cgxe_registry.obj
 0002:00000f2c       $unwind$_ssRegisterSymbolicDimsMultiply 000000018000bf2c     inverse_pendulum_cgxe_registry.obj
 0002:00000f34       $unwind$_ssRegisterSymbolicDimsDivide 000000018000bf34     inverse_pendulum_cgxe_registry.obj
 0002:00000f3c       $unwind$_ssGetNumSymbolicDims 000000018000bf3c     inverse_pendulum_cgxe_registry.obj
 0002:00000f44       $unwind$_ssGetSymbolicDim  000000018000bf44     inverse_pendulum_cgxe_registry.obj
 0002:00000f4c       $unwind$_ssSetInputPortSymbolicDimsId 000000018000bf4c     inverse_pendulum_cgxe_registry.obj
 0002:00000f54       $unwind$_ssGetCompInputPortSymbolicDimsId 000000018000bf54     inverse_pendulum_cgxe_registry.obj
 0002:00000f5c       $unwind$_ssSetCompInputPortSymbolicDimsId 000000018000bf5c     inverse_pendulum_cgxe_registry.obj
 0002:00000f64       $unwind$_ssSetOutputPortSymbolicDimsId 000000018000bf64     inverse_pendulum_cgxe_registry.obj
 0002:00000f6c       $unwind$_ssGetCompOutputPortSymbolicDimsId 000000018000bf6c     inverse_pendulum_cgxe_registry.obj
 0002:00000f74       $unwind$_ssSetCompOutputPortSymbolicDimsId 000000018000bf74     inverse_pendulum_cgxe_registry.obj
 0002:00000f7c       $unwind$_ssSetCompDWorkSymbolicDimsId 000000018000bf7c     inverse_pendulum_cgxe_registry.obj
 0002:00000f84       $unwind$ssGetIsZeroCrossControlDisabled 000000018000bf84     inverse_pendulum_cgxe_registry.obj
 0002:00000f8c       $unwind$ssSetIsInputPortUsedForContZcSignal 000000018000bf8c     inverse_pendulum_cgxe_registry.obj
 0002:00000f94       $unwind$ssSetZcSignalIsZcElementDisc 000000018000bf94     inverse_pendulum_cgxe_registry.obj
 0002:00000fa4       $unwind$ssSetZcSignalName  000000018000bfa4     inverse_pendulum_cgxe_registry.obj
 0002:00000fac       $unwind$ssSetZcSignalWidth 000000018000bfac     inverse_pendulum_cgxe_registry.obj
 0002:00000fb4       $unwind$ssSetZcSignalZcEventType 000000018000bfb4     inverse_pendulum_cgxe_registry.obj
 0002:00000fbc       $unwind$ssSetZcSignalType  000000018000bfbc     inverse_pendulum_cgxe_registry.obj
 0002:00000fc4       $unwind$ssSetZcSignalZcTol 000000018000bfc4     inverse_pendulum_cgxe_registry.obj
 0002:00000fcc       $unwind$ssSetZcSignalNeedsEventNotification 000000018000bfcc     inverse_pendulum_cgxe_registry.obj
 0002:00000fd4       $unwind$ssCreateAndAddZcSignalInfo 000000018000bfd4     inverse_pendulum_cgxe_registry.obj
 0002:00000fdc       $unwind$ssCloneAndAddZcSignalInfo 000000018000bfdc     inverse_pendulum_cgxe_registry.obj
 0002:00000fe4       $unwind$ssGetNumZcSignals  000000018000bfe4     inverse_pendulum_cgxe_registry.obj
 0002:00000fec       $unwind$ssGetZcSignalVector 000000018000bfec     inverse_pendulum_cgxe_registry.obj
 0002:00000ff4       $unwind$ssGetZcSignalName  000000018000bff4     inverse_pendulum_cgxe_registry.obj
 0002:00000ffc       $unwind$ssGetZcSignalWidth 000000018000bffc     inverse_pendulum_cgxe_registry.obj
 0002:00001004       $unwind$ssGetZcSignalZcEventType 000000018000c004     inverse_pendulum_cgxe_registry.obj
 0002:0000100c       $unwind$ssGetZcSignalZcEvents 000000018000c00c     inverse_pendulum_cgxe_registry.obj
 0002:00001014       $unwind$ssGetZcSignalType  000000018000c014     inverse_pendulum_cgxe_registry.obj
 0002:0000101c       $unwind$ssGetZcSignalZcTol 000000018000c01c     inverse_pendulum_cgxe_registry.obj
 0002:00001024       $unwind$ssGetZcSignalNeedsEventNotification 000000018000c024     inverse_pendulum_cgxe_registry.obj
 0002:0000102c       $unwind$ssGetZcSignalIsZcElementDisc 000000018000c02c     inverse_pendulum_cgxe_registry.obj
 0002:0000103c       $unwind$ssGetIsInputPortElementContinuous 000000018000c03c     inverse_pendulum_cgxe_registry.obj
 0002:0000104c       $unwind$ssGetDTypeIdFromMxArray 000000018000c04c     inverse_pendulum_cgxe_registry.obj
 0002:00001054       $unwind$ssWriteRTWStr      000000018000c054     inverse_pendulum_cgxe_registry.obj
 0002:0000105c       $unwind$ssWriteRTWNameValuePair 000000018000c05c     inverse_pendulum_cgxe_registry.obj
 0002:00001064       $unwind$ssWriteRTWParamSettings 000000018000c064     inverse_pendulum_cgxe_registry.obj
 0002:0000106c       $unwind$ssWriteRTWParameters 000000018000c06c     inverse_pendulum_cgxe_registry.obj
 0002:00001074       $unwind$ssWriteRTWWorkVect 000000018000c074     inverse_pendulum_cgxe_registry.obj
 0002:00001088       $unwind$ssWriteRTWMxVectParam 000000018000c088     inverse_pendulum_cgxe_registry.obj
 0002:00001090       $unwind$ssWriteRTWMx2dMatParam 000000018000c090     inverse_pendulum_cgxe_registry.obj
 0002:00001098       $unwind$_ssSetInputPortMatrixDimensions 000000018000c098     inverse_pendulum_cgxe_registry.obj
 0002:000010a4       $unwind$_ssSetOutputPortMatrixDimensions 000000018000c0a4     inverse_pendulum_cgxe_registry.obj
 0002:000010b0       $unwind$_ssSetInputPortVectorDimension 000000018000c0b0     inverse_pendulum_cgxe_registry.obj
 0002:000010bc       $unwind$_ssSetOutputPortVectorDimension 000000018000c0bc     inverse_pendulum_cgxe_registry.obj
 0002:000010c8       $unwind$ssIsRunTimeParamTunable 000000018000c0c8     inverse_pendulum_cgxe_registry.obj
 0002:000010d0       $unwind$ssGetSFuncBlockHandle 000000018000c0d0     inverse_pendulum_cgxe_registry.obj
 0002:000010d8       $unwind$_ssGetCurrentInputPortWidth 000000018000c0d8     inverse_pendulum_cgxe_registry.obj
 0002:000010e0       $unwind$_ssGetCurrentOutputPortWidth 000000018000c0e0     inverse_pendulum_cgxe_registry.obj
 0002:000010e8       $unwind$_ssGetCallSystemNumFcnCallDestinations 000000018000c0e8     inverse_pendulum_cgxe_registry.obj
 0002:000010f0       $unwind$ssGetParameterTuningCompliance 000000018000c0f0     inverse_pendulum_cgxe_registry.obj
 0002:000010f8       $unwind$ssWarning          000000018000c0f8     inverse_pendulum_cgxe_registry.obj
 0002:0000110c       $unwind$_ssGetAbsTol       000000018000c10c     inverse_pendulum_cgxe_registry.obj
 0002:00001114       $unwind$mdlStart           000000018000c114     inverse_pendulum_cgxe_registry.obj
 0002:0000111c       $unwind$mdlInitializeConditions 000000018000c11c     inverse_pendulum_cgxe_registry.obj
 0002:00001124       $unwind$mdlUpdate          000000018000c124     inverse_pendulum_cgxe_registry.obj
 0002:0000112c       $unwind$mdlOutputs         000000018000c12c     inverse_pendulum_cgxe_registry.obj
 0002:00001134       $unwind$mdlTerminate       000000018000c134     inverse_pendulum_cgxe_registry.obj
 0002:0000113c       $unwind$cgxe_get_supported_modules 000000018000c13c     inverse_pendulum_cgxe_registry.obj
 0002:00001144       $unwind$cgxe_process_get_checksums 000000018000c144     inverse_pendulum_cgxe_registry.obj
 0002:00001154       $unwind$cgxe_mex_unlock_call 000000018000c154     inverse_pendulum_cgxe_registry.obj
 0002:0000115c       $unwind$cgxe_unpack_simstruct 000000018000c15c     inverse_pendulum_cgxe_registry.obj
 0002:00001164       $unwind$cgxe_get_sim_state 000000018000c164     inverse_pendulum_cgxe_registry.obj
 0002:0000116c       $unwind$cgxe_set_sim_state 000000018000c16c     inverse_pendulum_cgxe_registry.obj
 0002:00001174       $unwind$cgxe_get_BuildInfoUpdate 000000018000c174     inverse_pendulum_cgxe_registry.obj
 0002:00001184       $unwind$cgxe_get_fallback_info 000000018000c184     inverse_pendulum_cgxe_registry.obj
 0002:00001194       $unwind$ProcessMexSfunctionCmdLineCall 000000018000c194     inverse_pendulum_cgxe_registry.obj
 0002:000011a4       $unwind$_RegNumInputPortsCB 000000018000c1a4     inverse_pendulum_cgxe_registry.obj
 0002:000011ac       $unwind$_RegNumOutputPortsCB 000000018000c1ac     inverse_pendulum_cgxe_registry.obj
 0002:000011b4       $unwind$_CreateSimStruct   000000018000c1b4     inverse_pendulum_cgxe_registry.obj
 0002:000011bc       $unwind$_ssFatalError      000000018000c1bc     inverse_pendulum_cgxe_registry.obj
 0002:000011cc       $unwind$_ProcessMexSfunctionCmdLineCall 000000018000c1cc     inverse_pendulum_cgxe_registry.obj
 0002:000011dc       $unwind$__GSHandlerCheckCommon 000000018000c1dc     MSVCRT:_gshandler_.obj
 0002:000011e4       $unwind$__GSHandlerCheck   000000018000c1e4     MSVCRT:_gshandler_.obj
 0002:000011f0       $xdatasym                  000000018000c1f0     MSVCRT:_amdsecgs_.obj
 0002:000011f4       $unwind$__report_securityfailure 000000018000c1f4     MSVCRT:gs_report.obj
 0002:000011fc       $unwind$__report_securityfailureEx 000000018000c1fc     MSVCRT:gs_report.obj
 0002:00001204       $unwind$__report_rangecheckfailure 000000018000c204     MSVCRT:gs_report.obj
 0002:0000120c       $unwind$__report_gsfailure 000000018000c20c     MSVCRT:gs_report.obj
 0002:00001214       $unwind$capture_current_context 000000018000c214     MSVCRT:gs_report.obj
 0002:00001220       $unwind$capture_previous_context 000000018000c220     MSVCRT:gs_report.obj
 0002:0000122c       $unwind$__raise_securityfailure 000000018000c22c     MSVCRT:gs_report.obj
 0002:00001234       $unwind$?dllmain_crt_process_attach@@YAHQEAUHINSTANCE__@@QEAX@Z 000000018000c234     MSVCRT:dll_dllmain.obj
 0002:00001260       $unwind$?fin$0@?0??dllmain_crt_process_attach@@YAHQEAUHINSTANCE__@@QEAX@Z@4HA 000000018000c260     MSVCRT:dll_dllmain.obj
 0002:00001268       $unwind$?dllmain_crt_process_detach@@YAH_N@Z 000000018000c268     MSVCRT:dll_dllmain.obj
 0002:00001290       $unwind$?fin$0@?0??dllmain_crt_process_detach@@YAH_N@Z@4HA 000000018000c290     MSVCRT:dll_dllmain.obj
 0002:00001298       $unwind$?dllmain_crt_dispatch@@YAHQEAUHINSTANCE__@@KQEAX@Z 000000018000c298     MSVCRT:dll_dllmain.obj
 0002:000012a0       $unwind$?dllmain_raw@@YAHQEAUHINSTANCE__@@KQEAX@Z 000000018000c2a0     MSVCRT:dll_dllmain.obj
 0002:000012b4       $unwind$?dllmain_dispatch@@YAHQEAUHINSTANCE__@@KQEAX@Z 000000018000c2b4     MSVCRT:dll_dllmain.obj
 0002:000012dc       $unwind$?filt$0@?0??dllmain_dispatch@@YAHQEAUHINSTANCE__@@KQEAX@Z@4HA 000000018000c2dc     MSVCRT:dll_dllmain.obj
 0002:000012e4       $unwind$_DllMainCRTStartup 000000018000c2e4     MSVCRT:dll_dllmain.obj
 0002:000012f4       $unwind$atexit             000000018000c2f4     MSVCRT:utility.obj
 0002:000012fc       $unwind$_onexit            000000018000c2fc     MSVCRT:utility.obj
 0002:00001304       $unwind$__scrt_is_nonwritable_in_current_image 000000018000c304     MSVCRT:utility.obj
 0002:00001324       $unwind$__scrt_is_nonwritable_in_current_image$filt$0 000000018000c324     MSVCRT:utility.obj
 0002:0000132c       $unwind$__scrt_acquire_startup_lock 000000018000c32c     MSVCRT:utility.obj
 0002:00001334       $unwind$__scrt_release_startup_lock 000000018000c334     MSVCRT:utility.obj
 0002:0000133c       $unwind$__scrt_initialize_crt 000000018000c33c     MSVCRT:utility.obj
 0002:00001344       $unwind$__scrt_uninitialize_crt 000000018000c344     MSVCRT:utility.obj
 0002:0000134c       $unwind$__scrt_initialize_onexit_tables 000000018000c34c     MSVCRT:utility.obj
 0002:00001358       $unwind$__scrt_dllmain_exception_filter 000000018000c358     MSVCRT:utility.obj
 0002:0000136c       $unwind$__scrt_dllmain_before_initialize_c 000000018000c36c     MSVCRT:utility.obj
 0002:00001374       $unwind$__scrt_dllmain_after_initialize_c 000000018000c374     MSVCRT:utility.obj
 0002:0000137c       $unwind$__scrt_dllmain_uninitialize_c 000000018000c37c     MSVCRT:utility.obj
 0002:00001384       $unwind$__scrt_dllmain_uninitialize_critical 000000018000c384     MSVCRT:utility.obj
 0002:0000138c       $unwind$__scrt_dllmain_crt_thread_attach 000000018000c38c     MSVCRT:utility.obj
 0002:00001394       $unwind$__scrt_dllmain_crt_thread_detach 000000018000c394     MSVCRT:utility.obj
 0002:0000139c       $unwind$?configure_argv@__scrt_narrow_argv_policy@@SAHXZ 000000018000c39c     MSVCRT:utility.obj
 0002:000013a4       $unwind$__security_init_cookie 000000018000c3a4     MSVCRT:gs_support.obj
 0002:000013b0       $unwind$DllMain            000000018000c3b0     MSVCRT:dll_dllmain_stub.obj
 0002:000013b8       $unwind$__scrt_initialize_default_local_stdio_options 000000018000c3b8     MSVCRT:default_local_stdio_options.obj
 0002:000013c0       $unwind$__scrt_get_show_window_mode 000000018000c3c0     MSVCRT:utility_desktop.obj
 0002:000013c8       $unwind$__scrt_is_managed_app 000000018000c3c8     MSVCRT:utility_desktop.obj
 0002:000013d0       $unwind$__scrt_fastfail    000000018000c3d0     MSVCRT:utility_desktop.obj
 0002:000013e0       $unwind$__scrt_unhandled_exception_filter 000000018000c3e0     MSVCRT:utility_desktop.obj
 0002:000013e8       $unwind$_RTC_Initialize    000000018000c3e8     MSVCRT:_initsect_.obj
 0002:000013f8       $unwind$_RTC_Terminate     000000018000c3f8     MSVCRT:_initsect_.obj
 0002:00001408       $unwind$__isa_available_init 000000018000c408     MSVCRT:_cpu_disp_.obj
 0002:00001418       $xdatasym                  000000018000c418     MSVCRT:_guard_dispatch_.obj
[...]
 0003:00001368       $SG14241                   000000018000f368     inverse_pendulum_cgxe_registry.obj
 0003:00001374       $SG14243                   000000018000f374     inverse_pendulum_cgxe_registry.obj
 0003:0000137c       $SG14245                   000000018000f37c     inverse_pendulum_cgxe_registry.obj
 0003:00001388       $SG14247                   000000018000f388     inverse_pendulum_cgxe_registry.obj
 0003:000013a0       $SG14252                   000000018000f3a0     inverse_pendulum_cgxe_registry.obj
 0003:00001450       $SG13309                   000000018000f450     inverse_pendulum_cgxe_registry.obj
 0003:00001500       eml_mx                     000000018000f500     m_BTeovP3vODQtQdRntBRxBE.obj
 0003:00001508       b_eml_mx                   000000018000f508     m_BTeovP3vODQtQdRntBRxBE.obj
 0003:00001510       $SG14219                   000000018000f510     inverse_pendulum_cgxe_registry.obj
 0003:00001520       ?errmsg@?O@??ssWriteRTWWorkVect@@9@9 000000018000f520     inverse_pendulum_cgxe_registry.obj
 0003:000015f0       GS_ExceptionRecord         000000018000f5f0     MSVCRT:gs_report.obj
 0003:00001690       GS_ContextRecord           000000018000f690     MSVCRT:gs_report.obj
 0003:00001b60       ?__proc_attached@@3HA      000000018000fb60     MSVCRT:dll_dllmain.obj
 0003:00001b78       ?module_local_atexit_table@@3U_onexit_table_t@@A 000000018000fb78     MSVCRT:utility.obj
 0003:00001b90       ?module_local_at_quick_exit_table@@3U_onexit_table_t@@A 000000018000fb90     MSVCRT:utility.obj
 0003:00001ba8       ?is_initialized_as_dll@@3_NA 000000018000fba8     MSVCRT:utility.obj
 0004:00000000       $pdata$cgxe_inverse_pendulum_method_dispatcher 0000000180010000     inverse_pendulum_cgxe.obj
 0004:0000000c       $pdata$method_dispatcher_BTeovP3vODQtQdRntBRxBE 000000018001000c     m_BTeovP3vODQtQdRntBRxBE.obj
 0004:00000018       $pdata$arduino_SerialWrite_validateInputsImpl 0000000180010018     m_BTeovP3vODQtQdRntBRxBE.obj
 0004:00000024       $pdata$cgxe_mdl_start      0000000180010024     m_BTeovP3vODQtQdRntBRxBE.obj
 0004:00000030       $pdata$cgxe_mdl_initialize 0000000180010030     m_BTeovP3vODQtQdRntBRxBE.obj
 0004:0000003c       $pdata$cgxe_mdl_outputs    000000018001003c     m_BTeovP3vODQtQdRntBRxBE.obj
 0004:00000048       $pdata$cgxe_mdl_terminate  0000000180010048     m_BTeovP3vODQtQdRntBRxBE.obj
 0004:00000054       $pdata$cgxe_mdl_get_sim_state 0000000180010054     m_BTeovP3vODQtQdRntBRxBE.obj
 0004:00000060       $pdata$emlrt_marshallIn    0000000180010060     m_BTeovP3vODQtQdRntBRxBE.obj
 0004:0000006c       $pdata$b_emlrt_marshallIn  000000018001006c     m_BTeovP3vODQtQdRntBRxBE.obj
 0004:00000078       $pdata$c_emlrt_marshallIn  0000000180010078     m_BTeovP3vODQtQdRntBRxBE.obj
 0004:00000084       $pdata$d_emlrt_marshallIn  0000000180010084     m_BTeovP3vODQtQdRntBRxBE.obj
 0004:00000090       $pdata$e_emlrt_marshallIn  0000000180010090     m_BTeovP3vODQtQdRntBRxBE.obj
 0004:0000009c       $pdata$f_emlrt_marshallIn  000000018001009c     m_BTeovP3vODQtQdRntBRxBE.obj
 0004:000000a8       $pdata$cgxe_mdl_set_sim_state 00000001800100a8     m_BTeovP3vODQtQdRntBRxBE.obj
 0004:000000b4       $pdata$message             00000001800100b4     m_BTeovP3vODQtQdRntBRxBE.obj
 0004:000000c0       $pdata$error               00000001800100c0     m_BTeovP3vODQtQdRntBRxBE.obj
 0004:000000cc       $pdata$b_error             00000001800100cc     m_BTeovP3vODQtQdRntBRxBE.obj
 0004:000000d8       $pdata$g_emlrt_marshallIn  00000001800100d8     m_BTeovP3vODQtQdRntBRxBE.obj
 0004:000000e4       $pdata$h_emlrt_marshallIn  00000001800100e4     m_BTeovP3vODQtQdRntBRxBE.obj
 0004:000000f0       $pdata$i_emlrt_marshallIn  00000001800100f0     m_BTeovP3vODQtQdRntBRxBE.obj
 0004:000000fc       $pdata$init_simulink_io_address 00000001800100fc     m_BTeovP3vODQtQdRntBRxBE.obj
 0004:00000108       $pdata$mdlOutputs_BTeovP3vODQtQdRntBRxBE 0000000180010108     m_BTeovP3vODQtQdRntBRxBE.obj
 0004:00000114       $pdata$mdlInitialize_BTeovP3vODQtQdRntBRxBE 0000000180010114     m_BTeovP3vODQtQdRntBRxBE.obj
 0004:00000120       $pdata$mdlUpdate_BTeovP3vODQtQdRntBRxBE 0000000180010120     m_BTeovP3vODQtQdRntBRxBE.obj
 0004:0000012c       $pdata$getSimState_BTeovP3vODQtQdRntBRxBE 000000018001012c     m_BTeovP3vODQtQdRntBRxBE.obj
 0004:00000138       $pdata$setSimState_BTeovP3vODQtQdRntBRxBE 0000000180010138     m_BTeovP3vODQtQdRntBRxBE.obj
 0004:00000144       $pdata$mdlTerminate_BTeovP3vODQtQdRntBRxBE 0000000180010144     m_BTeovP3vODQtQdRntBRxBE.obj
 0004:00000150       $pdata$mdlStart_BTeovP3vODQtQdRntBRxBE 0000000180010150     m_BTeovP3vODQtQdRntBRxBE.obj
 0004:0000015c       $pdata$cgxe_BTeovP3vODQtQdRntBRxBE_BuildInfoUpdate 000000018001015c     m_BTeovP3vODQtQdRntBRxBE.obj
 0004:00000168       $pdata$cgxe_BTeovP3vODQtQdRntBRxBE_fallback_info 0000000180010168     m_BTeovP3vODQtQdRntBRxBE.obj
 0004:00000174       $pdata$mexFunction         0000000180010174     inverse_pendulum_cgxe_registry.obj
 0004:00000180       $pdata$_ssSetInputPortDirectFeedThroughFcn 0000000180010180     inverse_pendulum_cgxe_registry.obj
 0004:0000018c       $pdata$_ssGetInputPortSignalPtrsFcn 000000018001018c     inverse_pendulum_cgxe_registry.obj
 0004:00000198       $pdata$_ssGetInputPortSignalFcn 0000000180010198     inverse_pendulum_cgxe_registry.obj
 0004:000001a4       $pdata$_ssSetInputPortReusableFcn 00000001800101a4     inverse_pendulum_cgxe_registry.obj
 0004:000001b0       $pdata$_ssSetOutputPortReusableFcn 00000001800101b0     inverse_pendulum_cgxe_registry.obj
 0004:000001bc       $pdata$_ssSetSymbolicDimsSupport 00000001800101bc     inverse_pendulum_cgxe_registry.obj
 0004:000001c8       $pdata$_ssRegisterSymbolicDimsExpr 00000001800101c8     inverse_pendulum_cgxe_registry.obj
 0004:000001d4       $pdata$_ssRegisterSymbolicDims 00000001800101d4     inverse_pendulum_cgxe_registry.obj
 0004:000001e0       $pdata$_ssRegisterSymbolicDimsString 00000001800101e0     inverse_pendulum_cgxe_registry.obj
 0004:000001ec       $pdata$_ssRegisterSymbolicDimsIntValue 00000001800101ec     inverse_pendulum_cgxe_registry.obj
 0004:000001f8       $pdata$_ssRegisterSymbolicDimsPlus 00000001800101f8     inverse_pendulum_cgxe_registry.obj
 0004:00000204       $pdata$_ssRegisterSymbolicDimsMinus 0000000180010204     inverse_pendulum_cgxe_registry.obj
 0004:00000210       $pdata$_ssRegisterSymbolicDimsMultiply 0000000180010210     inverse_pendulum_cgxe_registry.obj
 0004:0000021c       $pdata$_ssRegisterSymbolicDimsDivide 000000018001021c     inverse_pendulum_cgxe_registry.obj
 0004:00000228       $pdata$_ssGetNumSymbolicDims 0000000180010228     inverse_pendulum_cgxe_registry.obj
 0004:00000234       $pdata$_ssGetSymbolicDim   0000000180010234     inverse_pendulum_cgxe_registry.obj
 0004:00000240       $pdata$_ssSetInputPortSymbolicDimsId 0000000180010240     inverse_pendulum_cgxe_registry.obj
 0004:0000024c       $pdata$_ssGetCompInputPortSymbolicDimsId 000000018001024c     inverse_pendulum_cgxe_registry.obj
 0004:00000258       $pdata$_ssSetCompInputPortSymbolicDimsId 0000000180010258     inverse_pendulum_cgxe_registry.obj
 0004:00000264       $pdata$_ssSetOutputPortSymbolicDimsId 0000000180010264     inverse_pendulum_cgxe_registry.obj
 0004:00000270       $pdata$_ssGetCompOutputPortSymbolicDimsId 0000000180010270     inverse_pendulum_cgxe_registry.obj
 0004:0000027c       $pdata$_ssSetCompOutputPortSymbolicDimsId 000000018001027c     inverse_pendulum_cgxe_registry.obj
 0004:00000288       $pdata$_ssSetCompDWorkSymbolicDimsId 0000000180010288     inverse_pendulum_cgxe_registry.obj
 0004:00000294       $pdata$ssGetIsZeroCrossControlDisabled 0000000180010294     inverse_pendulum_cgxe_registry.obj
 0004:000002a0       $pdata$ssSetIsInputPortUsedForContZcSignal 00000001800102a0     inverse_pendulum_cgxe_registry.obj
 0004:000002ac       $pdata$ssSetZcSignalIsZcElementDisc 00000001800102ac     inverse_pendulum_cgxe_registry.obj
 0004:000002b8       $pdata$ssSetZcSignalName   00000001800102b8     inverse_pendulum_cgxe_registry.obj
 0004:000002c4       $pdata$ssSetZcSignalWidth  00000001800102c4     inverse_pendulum_cgxe_registry.obj
 0004:000002d0       $pdata$ssSetZcSignalZcEventType 00000001800102d0     inverse_pendulum_cgxe_registry.obj
 0004:000002dc       $pdata$ssSetZcSignalType   00000001800102dc     inverse_pendulum_cgxe_registry.obj
 0004:000002e8       $pdata$ssSetZcSignalZcTol  00000001800102e8     inverse_pendulum_cgxe_registry.obj
 0004:000002f4       $pdata$ssSetZcSignalNeedsEventNotification 00000001800102f4     inverse_pendulum_cgxe_registry.obj
 0004:00000300       $pdata$ssCreateAndAddZcSignalInfo 0000000180010300     inverse_pendulum_cgxe_registry.obj
 0004:0000030c       $pdata$ssCloneAndAddZcSignalInfo 000000018001030c     inverse_pendulum_cgxe_registry.obj
 0004:00000318       $pdata$ssGetNumZcSignals   0000000180010318     inverse_pendulum_cgxe_registry.obj
 0004:00000324       $pdata$ssGetZcSignalVector 0000000180010324     inverse_pendulum_cgxe_registry.obj
 0004:00000330       $pdata$ssGetZcSignalName   0000000180010330     inverse_pendulum_cgxe_registry.obj
 0004:0000033c       $pdata$ssGetZcSignalWidth  000000018001033c     inverse_pendulum_cgxe_registry.obj
 0004:00000348       $pdata$ssGetZcSignalZcEventType 0000000180010348     inverse_pendulum_cgxe_registry.obj
 0004:00000354       $pdata$ssGetZcSignalZcEvents 0000000180010354     inverse_pendulum_cgxe_registry.obj
 0004:00000360       $pdata$ssGetZcSignalType   0000000180010360     inverse_pendulum_cgxe_registry.obj
 0004:0000036c       $pdata$ssGetZcSignalZcTol  000000018001036c     inverse_pendulum_cgxe_registry.obj
 0004:00000378       $pdata$ssGetZcSignalNeedsEventNotification 0000000180010378     inverse_pendulum_cgxe_registry.obj
 0004:00000384       $pdata$ssGetZcSignalIsZcElementDisc 0000000180010384     inverse_pendulum_cgxe_registry.obj
 0004:00000390       $pdata$ssGetIsInputPortElementContinuous 0000000180010390     inverse_pendulum_cgxe_registry.obj
 0004:0000039c       $pdata$ssGetDTypeIdFromMxArray 000000018001039c     inverse_pendulum_cgxe_registry.obj
 0004:000003a8       $pdata$ssWriteRTWStr       00000001800103a8     inverse_pendulum_cgxe_registry.obj
 0004:000003b4       $pdata$ssWriteRTWNameValuePair 00000001800103b4     inverse_pendulum_cgxe_registry.obj
 0004:000003c0       $pdata$ssWriteRTWParamSettings 00000001800103c0     inverse_pendulum_cgxe_registry.obj
 0004:000003cc       $pdata$ssWriteRTWParameters 00000001800103cc     inverse_pendulum_cgxe_registry.obj
 0004:000003d8       $pdata$ssWriteRTWWorkVect  00000001800103d8     inverse_pendulum_cgxe_registry.obj
 0004:000003e4       $pdata$ssWriteRTWMxVectParam 00000001800103e4     inverse_pendulum_cgxe_registry.obj
 0004:000003f0       $pdata$ssWriteRTWMx2dMatParam 00000001800103f0     inverse_pendulum_cgxe_registry.obj
 0004:000003fc       $pdata$_ssSetInputPortMatrixDimensions 00000001800103fc     inverse_pendulum_cgxe_registry.obj
 0004:00000408       $pdata$_ssSetOutputPortMatrixDimensions 0000000180010408     inverse_pendulum_cgxe_registry.obj
 0004:00000414       $pdata$_ssSetInputPortVectorDimension 0000000180010414     inverse_pendulum_cgxe_registry.obj
 0004:00000420       $pdata$_ssSetOutputPortVectorDimension 0000000180010420     inverse_pendulum_cgxe_registry.obj
 0004:0000042c       $pdata$ssIsRunTimeParamTunable 000000018001042c     inverse_pendulum_cgxe_registry.obj
 0004:00000438       $pdata$ssGetSFuncBlockHandle 0000000180010438     inverse_pendulum_cgxe_registry.obj
 0004:00000444       $pdata$_ssGetCurrentInputPortWidth 0000000180010444     inverse_pendulum_cgxe_registry.obj
 0004:00000450       $pdata$_ssGetCurrentOutputPortWidth 0000000180010450     inverse_pendulum_cgxe_registry.obj
 0004:0000045c       $pdata$_ssGetCallSystemNumFcnCallDestinations 000000018001045c     inverse_pendulum_cgxe_registry.obj
 0004:00000468       $pdata$ssGetParameterTuningCompliance 0000000180010468     inverse_pendulum_cgxe_registry.obj
 0004:00000474       $pdata$ssWarning           0000000180010474     inverse_pendulum_cgxe_registry.obj
 0004:00000480       $pdata$_ssGetAbsTol        0000000180010480     inverse_pendulum_cgxe_registry.obj
 0004:0000048c       $pdata$mdlStart            000000018001048c     inverse_pendulum_cgxe_registry.obj
 0004:00000498       $pdata$mdlInitializeConditions 0000000180010498     inverse_pendulum_cgxe_registry.obj
 0004:000004a4       $pdata$mdlUpdate           00000001800104a4     inverse_pendulum_cgxe_registry.obj
 0004:000004b0       $pdata$mdlOutputs          00000001800104b0     inverse_pendulum_cgxe_registry.obj
 0004:000004bc       $pdata$mdlTerminate        00000001800104bc     inverse_pendulum_cgxe_registry.obj
 0004:000004c8       $pdata$cgxe_get_supported_modules 00000001800104c8     inverse_pendulum_cgxe_registry.obj
 0004:000004d4       $pdata$cgxe_process_get_checksums 00000001800104d4     inverse_pendulum_cgxe_registry.obj
 0004:000004e0       $pdata$cgxe_mex_unlock_call 00000001800104e0     inverse_pendulum_cgxe_registry.obj
 0004:000004ec       $pdata$cgxe_unpack_simstruct 00000001800104ec     inverse_pendulum_cgxe_registry.obj
 0004:000004f8       $pdata$cgxe_get_sim_state  00000001800104f8     inverse_pendulum_cgxe_registry.obj
 0004:00000504       $pdata$cgxe_set_sim_state  0000000180010504     inverse_pendulum_cgxe_registry.obj
 0004:00000510       $pdata$cgxe_get_BuildInfoUpdate 0000000180010510     inverse_pendulum_cgxe_registry.obj
 0004:0000051c       $pdata$cgxe_get_fallback_info 000000018001051c     inverse_pendulum_cgxe_registry.obj
 0004:00000528       $pdata$ProcessMexSfunctionCmdLineCall 0000000180010528     inverse_pendulum_cgxe_registry.obj
 0004:00000534       $pdata$_RegNumInputPortsCB 0000000180010534     inverse_pendulum_cgxe_registry.obj
 0004:00000540       $pdata$_RegNumOutputPortsCB 0000000180010540     inverse_pendulum_cgxe_registry.obj
 0004:0000054c       $pdata$_CreateSimStruct    000000018001054c     inverse_pendulum_cgxe_registry.obj
 0004:00000558       $pdata$_ssFatalError       0000000180010558     inverse_pendulum_cgxe_registry.obj
 0004:00000564       $pdata$_ProcessMexSfunctionCmdLineCall 0000000180010564     inverse_pendulum_cgxe_registry.obj
 0004:00000570       $pdata$_vsnprintf_l        0000000180010570     inverse_pendulum_cgxe_registry.obj
 0004:0000057c       $pdata$_vsprintf_l         000000018001057c     inverse_pendulum_cgxe_registry.obj
 0004:00000588       $pdata$sprintf             0000000180010588     inverse_pendulum_cgxe_registry.obj
 0004:00000594       $pdata$__GSHandlerCheck    0000000180010594     MSVCRT:_gshandler_.obj
 0004:000005a0       $pdata$__GSHandlerCheckCommon 00000001800105a0     MSVCRT:_gshandler_.obj
 0004:000005b8       $pdata$__raise_securityfailure 00000001800105b8     MSVCRT:gs_report.obj
 0004:000005c4       $pdata$__report_gsfailure  00000001800105c4     MSVCRT:gs_report.obj
 0004:000005d0       $pdata$__report_rangecheckfailure 00000001800105d0     MSVCRT:gs_report.obj
 0004:000005dc       $pdata$__report_securityfailure 00000001800105dc     MSVCRT:gs_report.obj
 0004:000005e8       $pdata$__report_securityfailureEx 00000001800105e8     MSVCRT:gs_report.obj
 0004:000005f4       $pdata$capture_current_context 00000001800105f4     MSVCRT:gs_report.obj
 0004:00000600       $pdata$capture_previous_context 0000000180010600     MSVCRT:gs_report.obj
 0004:0000060c       $pdata$?dllmain_crt_dispatch@@YAHQEAUHINSTANCE__@@KQEAX@Z 000000018001060c     MSVCRT:dll_dllmain.obj
 0004:00000618       $pdata$?dllmain_crt_process_attach@@YAHQEAUHINSTANCE__@@QEAX@Z 0000000180010618     MSVCRT:dll_dllmain.obj
 0004:00000624       $pdata$?dllmain_crt_process_detach@@YAH_N@Z 0000000180010624     MSVCRT:dll_dllmain.obj
 0004:00000630       $pdata$?dllmain_dispatch@@YAHQEAUHINSTANCE__@@KQEAX@Z 0000000180010630     MSVCRT:dll_dllmain.obj
 0004:0000063c       $pdata$?dllmain_raw@@YAHQEAUHINSTANCE__@@KQEAX@Z 000000018001063c     MSVCRT:dll_dllmain.obj
 0004:00000648       $pdata$_DllMainCRTStartup  0000000180010648     MSVCRT:dll_dllmain.obj
 0004:00000654       $pdata$?configure_argv@__scrt_narrow_argv_policy@@SAHXZ 0000000180010654     MSVCRT:utility.obj
 0004:00000660       $pdata$__scrt_acquire_startup_lock 0000000180010660     MSVCRT:utility.obj
 0004:0000066c       $pdata$__scrt_dllmain_after_initialize_c 000000018001066c     MSVCRT:utility.obj
 0004:00000678       $pdata$__scrt_dllmain_before_initialize_c 0000000180010678     MSVCRT:utility.obj
 0004:00000684       $pdata$__scrt_dllmain_crt_thread_attach 0000000180010684     MSVCRT:utility.obj
 0004:00000690       $pdata$__scrt_dllmain_crt_thread_detach 0000000180010690     MSVCRT:utility.obj
 0004:0000069c       $pdata$__scrt_dllmain_exception_filter 000000018001069c     MSVCRT:utility.obj
 0004:000006a8       $pdata$__scrt_dllmain_uninitialize_c 00000001800106a8     MSVCRT:utility.obj
 0004:000006b4       $pdata$__scrt_dllmain_uninitialize_critical 00000001800106b4     MSVCRT:utility.obj
 0004:000006c0       $pdata$__scrt_initialize_crt 00000001800106c0     MSVCRT:utility.obj
 0004:000006cc       $pdata$__scrt_initialize_onexit_tables 00000001800106cc     MSVCRT:utility.obj
 0004:000006d8       $pdata$__scrt_is_nonwritable_in_current_image 00000001800106d8     MSVCRT:utility.obj
 0004:000006e4       $pdata$__scrt_release_startup_lock 00000001800106e4     MSVCRT:utility.obj
 0004:000006f0       $pdata$__scrt_uninitialize_crt 00000001800106f0     MSVCRT:utility.obj
 0004:000006fc       $pdata$_onexit             00000001800106fc     MSVCRT:utility.obj
 0004:00000708       $pdata$atexit              0000000180010708     MSVCRT:utility.obj
 0004:00000714       $pdata$__security_init_cookie 0000000180010714     MSVCRT:gs_support.obj
 0004:00000720       $pdata$DllMain             0000000180010720     MSVCRT:dll_dllmain_stub.obj
 0004:0000072c       $pdata$__scrt_initialize_default_local_stdio_options 000000018001072c     MSVCRT:default_local_stdio_options.obj
 0004:00000738       $pdata$__scrt_fastfail     0000000180010738     MSVCRT:utility_desktop.obj
 0004:00000744       $pdata$__scrt_get_show_window_mode 0000000180010744     MSVCRT:utility_desktop.obj
 0004:00000750       $pdata$__scrt_is_managed_app 0000000180010750     MSVCRT:utility_desktop.obj
 0004:0000075c       $pdata$__scrt_unhandled_exception_filter 000000018001075c     MSVCRT:utility_desktop.obj
 0004:00000768       $pdata$_RTC_Initialize     0000000180010768     MSVCRT:_initsect_.obj
 0004:00000774       $pdata$_RTC_Terminate      0000000180010774     MSVCRT:_initsect_.obj
 0004:00000780       $pdata$__isa_available_init 0000000180010780     MSVCRT:_cpu_disp_.obj
 0004:00000798       $pdata$?fin$0@?0??dllmain_crt_process_attach@@YAHQEAUHINSTANCE__@@QEAX@Z@4HA 0000000180010798     MSVCRT:dll_dllmain.obj
 0004:000007a4       $pdata$?fin$0@?0??dllmain_crt_process_detach@@YAH_N@Z@4HA 00000001800107a4     MSVCRT:dll_dllmain.obj
 0004:000007b0       $pdata$?filt$0@?0??dllmain_dispatch@@YAHQEAUHINSTANCE__@@KQEAX@Z@4HA 00000001800107b0     MSVCRT:dll_dllmain.obj
 0004:000007bc       $pdata$__scrt_is_nonwritable_in_current_image$filt$0 00000001800107bc     MSVCRT:utility.obj
 0005:00000000       __guard_fids_?dllmain_crt_process_attach@@YAHQEAUHINSTANCE__@@QEAX@Z 0000000180011000     MSVCRT:dll_dllmain.obj
 0005:00000008       __guard_fids_?dllmain_dispatch@@YAHQEAUHINSTANCE__@@KQEAX@Z 0000000180011008     MSVCRT:dll_dllmain.obj
 0005:0000000c       __guard_fids___scrt_set_unhandled_exception_filter 000000018001100c     MSVCRT:utility_desktop.obj
 0005:00000010       __guard_fids__             0000000180011010     MSVCRT:guard_support.obj
 0005:00000014       __guard_fids__guard_icall_checks_enforced 0000000180011014     MSVCRT:guard_support.obj
